Archive member included to satisfy reference by file (symbol)

./libs\libpluto_0.3.a(startup_stm32f30x_md_gcc.o)
                              (Reset_Handler)
./libs\libpluto_0.3.a(system_stm32f30x.o)
                              ./libs\libpluto_0.3.a(startup_stm32f30x_md_gcc.o) (SystemInit)
./libs\libpluto_0.3.a(main.o)
                              ./libs\libpluto_0.3.a(startup_stm32f30x_md_gcc.o) (main)
./libs\libpluto_0.3.a(mw.o)   main.o (symbol from plugin) (loop)
./libs\libpluto_0.3.a(altitudehold.o)
                              mw.o (symbol from plugin) (applyAltHold)
./libs\libpluto_0.3.a(failsafe.o)
                              main.o (symbol from plugin) (failsafeInit)
./libs\libpluto_0.3.a(pid.o)  mw.o (symbol from plugin) (pidResetErrorAngle)
./libs\libpluto_0.3.a(imu.o)  main.o (symbol from plugin) (imuInit)
./libs\libpluto_0.3.a(mixer.o)
                              main.o (symbol from plugin) (mixerInit)
./libs\libpluto_0.3.a(filter.o)
                              mw.o (symbol from plugin) (filterApplyPt1)
./libs\libpluto_0.3.a(system.o)
                              main.o (symbol from plugin) (micros)
./libs\libpluto_0.3.a(beeper.o)
                              mw.o (symbol from plugin) (beeperSilence)
./libs\libpluto_0.3.a(rc_controls.o)
                              mw.o (symbol from plugin) (isUsingSticksForArming)
./libs\libpluto_0.3.a(rc_curves.o)
                              rc_controls.o (symbol from plugin) (generatePitchRollCurve)
./libs\libpluto_0.3.a(serial.o)
                              mw.o (symbol from plugin) (findNextSharedSerialPort)
./libs\libpluto_0.3.a(serial_cli.o)
                              mw.o (symbol from plugin) (cliMode)
./libs\libpluto_0.3.a(serial_msp.o)
                              mw.o (symbol from plugin) (mspReleasePortIfAllocated)
./libs\libpluto_0.3.a(statusindicator.o)
                              beeper.o (symbol from plugin) (warningLedEnable)
./libs\libpluto_0.3.a(rx.o)   main.o (symbol from plugin) (rxInit)
./libs\libpluto_0.3.a(pwm.o)  rx.o (symbol from plugin) (rxPwmInit)
./libs\libpluto_0.3.a(msp.o)  serial_msp.o (symbol from plugin) (rxMspFrameReceive)
./libs\libpluto_0.3.a(sbus.o)
                              rx.o (symbol from plugin) (sbusInit)
./libs\libpluto_0.3.a(sumd.o)
                              rx.o (symbol from plugin) (sumdInit)
./libs\libpluto_0.3.a(sumh.o)
                              rx.o (symbol from plugin) (sumhInit)
./libs\libpluto_0.3.a(spektrum.o)
                              rx.o (symbol from plugin) (spektrumInit)
./libs\libpluto_0.3.a(xbus.o)
                              rx.o (symbol from plugin) (xBusInit)
./libs\libpluto_0.3.a(acceleration.o)
                              main.o (symbol from plugin) (accSetCalibrationCycles)
./libs\libpluto_0.3.a(battery.o)
                              mw.o (symbol from plugin) (updateBattery)
./libs\libpluto_0.3.a(boardalignment.o)
                              main.o (symbol from plugin) (initBoardAlignment)
./libs\libpluto_0.3.a(compass.o)
                              main.o (symbol from plugin) (compassInit)
./libs\libpluto_0.3.a(gyro.o)
                              main.o (symbol from plugin) (gyroSetCalibrationCycles)
./libs\libpluto_0.3.a(initialisation.o)
                              main.o (symbol from plugin) (sensorsAutodetectmpu)
./libs\libpluto_0.3.a(stm32f30x_rcc.o)
                              system.o (symbol from plugin) (RCC_GetClocksFreq)
./libs\libpluto_0.3.a(stm32f30x_misc.o)
                              system.o (symbol from plugin) (NVIC_PriorityGroupConfig)
./libs\libpluto_0.3.a(acrobats.o)
                              mw.o (symbol from plugin) (flip)
./libs\libpluto_0.3.a(posControl.o)
                              mw.o (symbol from plugin) (resetPosController)
./libs\libpluto_0.3.a(posEstimate.o)
                              main.o (symbol from plugin) (updatePosGains)
./libs\libpluto_0.3.a(opticflow.o)
                              posControl.o (symbol from plugin) (accel_hf_prev)
./libs\libpluto_0.3.a(command.o)
                              mw.o (symbol from plugin) (executeCommand())
./libs\libpluto_0.3.a(localisationCommand.o)
                              mw.o (symbol from plugin) (command_jump(short))
./libs\libpluto_0.3.a(Peripheral.o)
                              main.o (symbol from plugin) (GPIO_P::init(unibus, GPIO_Mode_e))
./libs\libpluto_0.3.a(XRanging.o)
                              main.o (symbol from plugin) (xRangingInit)
./libs\libpluto_0.3.a(Sensor.o)
                              obj/PLUTOX/src/main/PlutoPilot.o (symbol from plugin) (Accelerometer_P::getNetAcc())
./libs\libpluto_0.3.a(Control.o)
                              command.o (symbol from plugin) (DesiredPosition_P::setRelative(axis_e, long))
./libs\libpluto_0.3.a(Estimate.o)
                              obj/PLUTOX/src/main/PlutoPilot.o (symbol from plugin) (Angle_P::get(angle_e))
./libs\libpluto_0.3.a(Utils.o)
[...]
Memory Configuration

Name             Origin             Length             Attributes
FLASH            0x08000000         0x0003f000         xr
RAM              0x20000000         0x0000a000         xrw
MEMORY_B1        0x60000000         0x00000000         xr
*default*        0x00000000         0xffffffff

Linker script and memory map

LOAD obj/PLUTOX/src/main/PlutoPilot.o
LOAD C:\Users\MAHAKH~1\AppData\Local\Temp\ccAl5Nhc.ltrans0.ltrans.o
LOAD C:\Users\MAHAKH~1\AppData\Local\Temp\ccAl5Nhc.ltrans1.ltrans.o
LOAD C:\Users\MAHAKH~1\AppData\Local\Temp\ccAl5Nhc.ltrans2.ltrans.o
LOAD C:\Users\MAHAKH~1\AppData\Local\Temp\ccAl5Nhc.ltrans3.ltrans.o
LOAD C:\Users\MAHAKH~1\AppData\Local\Temp\ccAl5Nhc.ltrans4.ltrans.o
LOAD C:\Users\MAHAKH~1\AppData\Local\Temp\ccAl5Nhc.ltrans5.ltrans.o
LOAD C:\Users\MAHAKH~1\AppData\Local\Temp\ccAl5Nhc.ltrans6.ltrans.o
LOAD C:\Users\MAHAKH~1\AppData\Local\Temp\ccAl5Nhc.ltrans7.ltrans.o
LOAD C:\Users\MAHAKH~1\AppData\Local\Temp\ccAl5Nhc.ltrans8.ltrans.o
LOAD C:\Users\MAHAKH~1\AppData\Local\Temp\ccAl5Nhc.ltrans9.ltrans.o
LOAD C:\Users\MAHAKH~1\AppData\Local\Temp\ccAl5Nhc.ltrans10.ltrans.o
LOAD C:\Users\MAHAKH~1\AppData\Local\Temp\ccAl5Nhc.ltrans11.ltrans.o
LOAD C:\Users\MAHAKH~1\AppData\Local\Temp\ccAl5Nhc.ltrans12.ltrans.o
LOAD C:\Users\MAHAKH~1\AppData\Local\Temp\ccAl5Nhc.ltrans13.ltrans.o
LOAD C:\Users\MAHAKH~1\AppData\Local\Temp\ccAl5Nhc.ltrans14.ltrans.o
LOAD C:\Users\MAHAKH~1\AppData\Local\Temp\ccAl5Nhc.ltrans15.ltrans.o
LOAD C:\Users\MAHAKH~1\AppData\Local\Temp\ccAl5Nhc.ltrans16.ltrans.o
LOAD C:\Users\MAHAKH~1\AppData\Local\Temp\ccAl5Nhc.ltrans17.ltrans.o
LOAD C:\Users\MAHAKH~1\AppData\Local\Temp\ccAl5Nhc.ltrans18.ltrans.o
LOAD C:\Users\MAHAKH~1\AppData\Local\Temp\ccAl5Nhc.ltrans19.ltrans.o
LOAD C:\Users\MAHAKH~1\AppData\Local\Temp\ccAl5Nhc.ltrans20.ltrans.o
LOAD C:\Users\MAHAKH~1\AppData\Local\Temp\ccAl5Nhc.ltrans21.ltrans.o
LOAD c:/users/maha khan/onedrive/desktop/cygnus ide/cygnus/tools/toolchain/gcc-arm/bin/../lib/gcc/arm-none-eabi/6.3.1/../../../../arm-none-eabi/lib/thumb/v7e-m/fpv4-sp/hard\libnosys.a
LOAD ./libs\libpluto_0.3.a
LOAD c:/users/maha khan/onedrive/desktop/cygnus ide/cygnus/tools/toolchain/gcc-arm/bin/../lib/gcc/arm-none-eabi/6.3.1/../../../../arm-none-eabi/lib/thumb/v7e-m/fpv4-sp/hard\libstdc++.a
LOAD c:/users/maha khan/onedrive/desktop/cygnus ide/cygnus/tools/toolchain/gcc-arm/bin/../lib/gcc/arm-none-eabi/6.3.1/../../../../arm-none-eabi/lib/thumb/v7e-m/fpv4-sp/hard\libm.a
LOAD c:/users/maha khan/onedrive/desktop/cygnus ide/cygnus/tools/toolchain/gcc-arm/bin/../lib/gcc/arm-none-eabi/6.3.1/../../../../arm-none-eabi/lib/thumb/v7e-m/fpv4-sp/hard\libc.a
START GROUP
LOAD c:/users/maha khan/onedrive/desktop/cygnus ide/cygnus/tools/toolchain/gcc-arm/bin/../lib/gcc/arm-none-eabi/6.3.1/thumb/v7e-m/fpv4-sp/hard\libgcc.a
LOAD c:/users/maha khan/onedrive/desktop/cygnus ide/cygnus/tools/toolchain/gcc-arm/bin/../lib/gcc/arm-none-eabi/6.3.1/../../../../arm-none-eabi/lib/thumb/v7e-m/fpv4-sp/hard\libg.a
LOAD c:/users/maha khan/onedrive/desktop/cygnus ide/cygnus/tools/toolchain/gcc-arm/bin/../lib/gcc/arm-none-eabi/6.3.1/../../../../arm-none-eabi/lib/thumb/v7e-m/fpv4-sp/hard\libc.a
END GROUP
START GROUP
LOAD c:/users/maha khan/onedrive/desktop/cygnus ide/cygnus/tools/toolchain/gcc-arm/bin/../lib/gcc/arm-none-eabi/6.3.1/thumb/v7e-m/fpv4-sp/hard\libgcc.a
LOAD c:/users/maha khan/onedrive/desktop/cygnus ide/cygnus/tools/toolchain/gcc-arm/bin/../lib/gcc/arm-none-eabi/6.3.1/../../../../arm-none-eabi/lib/thumb/v7e-m/fpv4-sp/hard\libc.a
LOAD c:/users/maha khan/onedrive/desktop/cygnus ide/cygnus/tools/toolchain/gcc-arm/bin/../lib/gcc/arm-none-eabi/6.3.1/../../../../arm-none-eabi/lib/thumb/v7e-m/fpv4-sp/hard\libnosys.a
END GROUP
                0x2000a000                _estack = (ORIGIN (RAM) + LENGTH (RAM))
                0x00000000                _Min_Heap_Size = 0x0
                0x00000400                _Min_Stack_Size = 0x400

.isr_vector     0x08000000      0x188
                0x08000000                . = ALIGN (0x4)
                [!provide]                PROVIDE (isr_vector_table_base, .)
 *(.isr_vector)
 .isr_vector    0x08000000      0x188 ./libs\libpluto_0.3.a(startup_stm32f30x_md_gcc.o)
                0x08000000                g_pfnVectors
                0x08000188                . = ALIGN (0x4)

.text           0x080001c0    0x119bc
                0x080001c0                . = ALIGN (0x4)
 *(.text)
 .text          0x080001c0     0x1720 C:\Users\MAHAKH~1\AppData\Local\Temp\ccAl5Nhc.ltrans1.ltrans.o
                0x080001c0                init()
 .text          0x080018e0     0x1098 C:\Users\MAHAKH~1\AppData\Local\Temp\ccAl5Nhc.ltrans3.ltrans.o
                0x080018e0                processRx()
 .text          0x08002978      0xbd0 C:\Users\MAHAKH~1\AppData\Local\Temp\ccAl5Nhc.ltrans4.ltrans.o
                0x08002978                headSerialResponse(unsigned char, unsigned char) [clone .lto_priv.176]
                0x080029b8                headSerialReply(unsigned char) [clone .lto_priv.199]
                0x080029be                read32() [clone .lto_priv.202]
                0x080029d0                processOutCommand(unsigned char) [clone .lto_priv.283]
 .text          0x08003548      0x820 C:\Users\MAHAKH~1\AppData\Local\Temp\ccAl5Nhc.ltrans5.ltrans.o
                0x08003598                Motor_P::set(motor, short) [clone .constprop.172]
                0x08003610                NVIC_Init.part.0.constprop.156
                0x0800364c                VL53L0X_calc_timeout_mclks.constprop.146
                0x08003674                get_next_good_spad.constprop.137
                0x080036c0                enable_ref_spads.constprop.135
                0x0800377c                SPIClass::Write(unsigned char, unsigned char) [clone .constprop.102]
                0x080037b8                SPIClass::Read(unsigned char, int) [clone .constprop.100]
                0x08003848                spektrumInit.constprop.90
                0x080038c8                useRcControlsConfig.constprop.48
                0x08003908                resetSerialConfig(serialConfig_s*) [clone .constprop.47]
                0x08003968                FLASH_WaitForLastOperation.constprop.42
                0x0800398c                headSerialError(unsigned char) [clone .constprop.30]
                0x08003994                calculateThrottleStatus.constprop.23
                0x080039c8                reset(bool) [clone .constprop.10]
                0x08003a2c                updateCompass.constprop.6
                0x08003bcc                VL53L0X_RdDWord
                0x08003bf0                VL53L0X_RdWord
                0x08003c1c                VL53L0X_RdByte
                0x08003c36                VL53L0X_ref_calibration_io.constprop.149
                0x08003cd4                VL53L0X_ClearInterruptMask.constprop.148
                0x08003d2c                VL53L0X_UpdateByte
 .text          0x08003d68      0xcb4 C:\Users\MAHAKH~1\AppData\Local\Temp\ccAl5Nhc.ltrans7.ltrans.o
                0x08003d80                read8() [clone .lto_priv.200]
                0x08003d94                read16() [clone .lto_priv.201]
                0x08003da8                serialize8(unsigned char) [clone .lto_priv.209]
                0x08003dcc                serialize16(unsigned short) [clone .lto_priv.210]
                0x08003dde                serialize32(unsigned long) [clone .lto_priv.211]
                0x08003df0                serialize8Debug
                0x08003e00                openSerialPort
                0x08003e78                findNextSerialPortConfig
                0x08003ebc                findSerialPortConfig
                0x08003ec8                generateThrottleCurve
                0x08003f48                generatePitchRollCurve
                0x08003f80                isRangeActive(unsigned char, channelRange_s*) [clone .part.1]
                0x08003fc8                beeperSilence
                0x08003fdc                beeper
                0x08004028                beeperConfirmationBeeps
                0x08004060                micros
                0x08004098                delayMicroseconds
                0x080040ae                delay
                0x080040c2                failureMode
                0x08004180                SysTick_Handler
                0x08004190                EXTI3_IRQHandler
                0x08004194                EXTI15_10_IRQHandler
                0x08004198                filterApplyPt1
                0x080041f0                writeMotors
                0x0800429c                drift_correction(float)
                0x08004958                normalize()
 .text          0x08004a1c      0xdf8 C:\Users\MAHAKH~1\AppData\Local\Temp\ccAl5Nhc.ltrans8.ltrans.o
                0x08004a1c                pidMultiWii23(pidProfile_s*, controlRateConfig_s*, unsigned short, rollAndPitchTrims_t*, rxConfig_s*) [clone .lto_priv.220]
                0x08004ce0                pidMultiWii(pidProfile_s*, controlRateConfig_s*, unsigned short, rollAndPitchTrims_t*, rxConfig_s*) [clone .lto_priv.218]
                0x08004f6c                pidLuxFloat(pidProfile_s*, controlRateConfig_s*, unsigned short, rollAndPitchTrims_t*, rxConfig_s*) [clone .lto_priv.219]
                0x080052bc                pidResetErrorGyro
                0x080052dc                pidResetErrorAngle
                0x080052f8                failsafeOnLowBattery
                0x0800530c                updateGains
                0x0800535c                apmCalculateEstimatedAltitude
 .text          0x08005814      0xfd0 C:\Users\MAHAKH~1\AppData\Local\Temp\ccAl5Nhc.ltrans9.ltrans.o
                0x08006378                renorm(float const*, float*)
                0x0800642c                dcmFromEuler(float, float, float)
                0x080064f0                imuCalculateAcceleration(unsigned long)
                0x0800679c                pidSetController
 .text          0x080067e4      0x7ac C:\Users\MAHAKH~1\AppData\Local\Temp\ccAl5Nhc.ltrans10.ltrans.o
                0x080067e4                ppmEdgeCallback(timerCCHandlerRec_s*, unsigned short) [clone .lto_priv.288]
                0x080068bc                ppmOverflowCallback(timerOvrHandlerRec_s*, unsigned short) [clone .lto_priv.289]
                0x080068cc                pwmWriteStandard(unsigned char, unsigned short) [clone .lto_priv.286]
                0x080068e0                pwmWriteBrushed(unsigned char, unsigned short) [clone .lto_priv.287]
                0x08006904                ak8963Read
                0x080069c8                ak8963Init
                0x08006ab4                uartReconfigure.lto_priv.191
                0x08006bd8                gpioInit
                0x08006c2c                pwmOutConfig
                0x08006e58                initSpi2
 .text          0x08006f90      0xb14 C:\Users\MAHAKH~1\AppData\Local\Temp\ccAl5Nhc.ltrans11.ltrans.o
                0x08006f90                PosXYEstimate
                0x0800725c                flip.part.0
                0x0800765c                RCC_ADCCLKConfig
                0x0800767c                RCC_GetClocksFreq
                0x0800796c                alignSensors
 .text          0x08007aa4      0x6b4 C:\Users\MAHAKH~1\AppData\Local\Temp\ccAl5Nhc.ltrans12.ltrans.o
                0x08007c1c                timCCxHandler(TIM_TypeDef*, timerConfig_s*) [clone .lto_priv.190]
                0x08007ca2                TIM1_CC_IRQHandler
                0x08007cb0                configTimeBase
                0x08007d4c                lookupTimerIndex(TIM_TypeDef const*) [clone .lto_priv.215]
                0x08007da4                USART2_IRQHandler
                0x08007dac                USART1_IRQHandler
                0x08007db4                DMA1_Channel4_IRQHandler
                0x08007df0                uartOpen
 .text          0x08008158      0x710 C:\Users\MAHAKH~1\AppData\Local\Temp\ccAl5Nhc.ltrans13.ltrans.o
                0x08008180                mpuGyroRead
                0x080081c4                mpuAccRead
                0x0800824c                mpu6500GyroInit
                0x080082f4                mpu6500AccInit
                0x08008308                i2cRead
                0x080083fc                mpuReadRegisterI2C(unsigned char, unsigned char, unsigned char*) [clone .lto_priv.323]
                0x08008412                i2cWriteBuffer
                0x08008500                i2cWrite
                0x08008514                mpuWriteRegisterI2C(unsigned char, unsigned char) [clone .lto_priv.324]
                0x0800851c                mode_0_init()
                0x08008836                serializeString(char const*)
 .text          0x08008868      0xb80 C:\Users\MAHAKH~1\AppData\Local\Temp\ccAl5Nhc.ltrans14.ltrans.o
                0x08008868                ms5611_calculate(long*, long*, unsigned long, unsigned long) [clone .lto_priv.321]
                0x08008a08                ms5611_start_up() [clone .lto_priv.319]
                0x08008a12                ms5611_start_ut() [clone .lto_priv.317]
                0x08008a44                ms5611_get_up() [clone .lto_priv.320]
                0x08008a46                ms5611_get_ut() [clone .lto_priv.318]
                0x08008a48                activateControlRateConfig()
                0x08008a90                isEEPROMContentValid() [clone .lto_priv.177]
                0x08008adc                readEEPROM
                0x08008d5c                resetConf() [clone .lto_priv.203]
                0x08009230                apmBaroCalibrationRead()
                0x08009288                apmBaroUpdate
                0x08009380                TIM1_TRG_COM_TIM17_IRQHandler
                0x08009390                TIM1_BRK_TIM15_IRQHandler
                0x080093a0                TIM8_CC_IRQHandler
                0x080093b0                TIM8_UP_IRQHandler
                0x080093b4                TIM4_IRQHandler
                0x080093c4                TIM3_IRQHandler
                0x080093d4                TIM2_IRQHandler
                0x080093e4                TIM1_UP_TIM16_IRQHandler
 .text          0x080093e8      0x848 C:\Users\MAHAKH~1\AppData\Local\Temp\ccAl5Nhc.ltrans15.ltrans.o
                0x080093e8                xBusReadRawRC(rxRuntimeConfig_s*, unsigned char) [clone .lto_priv.306]
                0x08009490                spektrumReadRawRC.lto_priv.173
                0x080094bc                sumhReadRawRC.lto_priv.299
                0x080094d4                sumdReadRawRC.lto_priv.297
                0x080094e8                sbusReadRawRC.lto_priv.295
                0x0800951c                rxMspReadRawRC.lto_priv.308
                0x0800952c                ppmReadRawRC.lto_priv.310
                0x08009538                pwmReadRawRC.lto_priv.309
                0x08009544                nullReadRawRC(rxRuntimeConfig_s*, unsigned char) [clone .lto_priv.175]
                0x08009548                xBusDataReceive(unsigned short) [clone .lto_priv.307]
                0x08009610                spektrumDataReceive.lto_priv.174
                0x08009658                sumhDataReceive.lto_priv.300
                0x080096a0                sumdDataReceive.lto_priv.298
                0x08009744                sbusDataReceive.lto_priv.296
                0x08009790                batteryAdcToVoltage
                0x080097c0                updateBatteryVoltage() [clone .lto_priv.284]
                0x080099c4                performInflightAccelerationCalibration(rollAndPitchTrims_t*)
                0x08009ad0                performAcclerationCalibration(rollAndPitchTrims_t*)
                0x08009b80                getRxfailValue(unsigned char) [clone .lto_priv.238]
                0x08009bd0                resumeRxSignal
                0x08009c00                suspendRxSignal
 .text          0x08009c30      0x470 C:\Users\MAHAKH~1\AppData\Local\Temp\ccAl5Nhc.ltrans16.ltrans.o
                0x08009c4e                VL53L0X_WrWord
                0x08009c76                VL53L0X_WrByte
                0x08009c8c                VL53L0X_get_vcsel_pulse_period
                0x08009cbe                set_sequence_step_timeout
                0x08009dc8                get_sequence_step_timeout
                0x08009f0c                VL53L0X_set_measurement_timing_budget_micro_seconds
                0x08009fce                VL53L0X_device_read_strobe
                0x0800a012                VL53L0X_isqrt
                0x0800a03c                VL53L0X_measurement_poll_for_completion
 .text          0x0800a0a0      0x630 C:\Users\MAHAKH~1\AppData\Local\Temp\ccAl5Nhc.ltrans17.ltrans.o
                0x0800a0a0                DMA_StructInit
                0x0800a0ba                DMA_Init
                0x0800a0f6                DMA_DeInit
                0x0800a1e8                FLASH_GetStatus
                0x0800a210                ADC_RegularChannelConfig
                0x0800a2c8                GPIO_Init
                0x0800a356                serialRead
                0x0800a35c                serialWrite
                0x0800a362                _putc(void*, char) [clone .lto_priv.330]
                0x0800a366                applyDeadband
                0x0800a384                sin_approx
                0x0800a448                buildRotationMatrix
                0x0800a504                reset_FSI
                0x0800a51c                set_FSI
                0x0800a530                disableFlightMode
                0x0800a550                enableFlightMode
                0x0800a56c                featureClear
                0x0800a57c                featureSet
                0x0800a58c                writeEEPROM
                0x0800a6bc                saveConfigAndNotify
 .text          0x0800a6d0      0x6ec C:\Users\MAHAKH~1\AppData\Local\Temp\ccAl5Nhc.ltrans18.ltrans.o
                0x0800a6d0                processInCommand() [clone .lto_priv.282]
 .text          0x0800adbc      0x28a C:\Users\MAHAKH~1\AppData\Local\Temp\ccAl5Nhc.ltrans19.ltrans.o
                0x0800adbc                set_ref_spad_map
                0x0800add8                VL53L0X_GetLimitCheckValue
                0x0800ae42                VL53L0X_GetSequenceStepEnables
                0x0800ae7a                VL53L0X_GetDeviceParameters
                0x0800b02e                LaserSensor::setAddress(unsigned char)
 *fill*         0x0800b046        0x2 
 .text          0x0800b048      0x158 C:\Users\MAHAKH~1\AppData\Local\Temp\ccAl5Nhc.ltrans20.ltrans.o
                0x0800b048                mwArm
                0x0800b0e0                mwDisarm
                0x0800b15c                isCalibrating()
 .text          0x0800b1a0       0x68 C:\Users\MAHAKH~1\AppData\Local\Temp\ccAl5Nhc.ltrans21.ltrans.o
                0x0800b1a0                SystemInit
 .text          0x0800b208      0x134 c:/users/maha khan/onedrive/desktop/cygnus ide/cygnus/tools/toolchain/gcc-arm/bin/../lib/gcc/arm-none-eabi/6.3.1/../../../../arm-none-eabi/lib/thumb/v7e-m/fpv4-sp/hard\libc.a(lib_a-memcpy.o)
                0x0800b208                memcpy
 *fill*         0x0800b33c        0x4 
 .text          0x0800b340       0xdc c:/users/maha khan/onedrive/desktop/cygnus ide/cygnus/tools/toolchain/gcc-arm/bin/../lib/gcc/arm-none-eabi/6.3.1/../../../../arm-none-eabi/lib/thumb/v7e-m/fpv4-sp/hard\libc.a(lib_a-strlen.o)
                0x0800b340                strlen
 .text          0x0800b41c       0x1c c:/users/maha khan/onedrive/desktop/cygnus ide/cygnus/tools/toolchain/gcc-arm/bin/../lib/gcc/arm-none-eabi/6.3.1/thumb/v7e-m/fpv4-sp/hard\libgcc.a(_ashrdi3.o)
                0x0800b41c                __aeabi_lasr
                0x0800b41c                __ashrdi3
 .text          0x0800b438      0x370 c:/users/maha khan/onedrive/desktop/cygnus ide/cygnus/tools/toolchain/gcc-arm/bin/../lib/gcc/arm-none-eabi/6.3.1/thumb/v7e-m/fpv4-sp/hard\libgcc.a(_arm_addsubdf3.o)
                0x0800b438                __aeabi_drsub
                0x0800b440                __aeabi_dsub
                0x0800b440                __subdf3
                0x0800b444                __aeabi_dadd
                0x0800b444                __adddf3
                0x0800b6bc                __floatunsidf
                0x0800b6bc                __aeabi_ui2d
                0x0800b6dc                __floatsidf
                0x0800b6dc                __aeabi_i2d
                0x0800b700                __aeabi_f2d
                0x0800b700                __extendsfdf2
                0x0800b73c                __floatundidf
                0x0800b73c                __aeabi_ul2d
                0x0800b74c                __floatdidf
                0x0800b74c                __aeabi_l2d
 .text          0x0800b7a8      0x424 c:/users/maha khan/onedrive/desktop/cygnus ide/cygnus/tools/toolchain/gcc-arm/bin/../lib/gcc/arm-none-eabi/6.3.1/thumb/v7e-m/fpv4-sp/hard\libgcc.a(_arm_muldivdf3.o)
                0x0800b7a8                __aeabi_dmul
                0x0800b7a8                __muldf3
                0x0800b9fc                __divdf3
                0x0800b9fc                __aeabi_ddiv
 .text          0x0800bbcc       0xa0 c:/users/maha khan/onedrive/desktop/cygnus ide/cygnus/tools/toolchain/gcc-arm/bin/../lib/gcc/arm-none-eabi/6.3.1/thumb/v7e-m/fpv4-sp/hard\libgcc.a(_arm_truncdfsf2.o)
                0x0800bbcc                __truncdfsf2
                0x0800bbcc                __aeabi_d2f
 .text          0x0800bc6c       0xa0 c:/users/maha khan/onedrive/desktop/cygnus ide/cygnus/tools/toolchain/gcc-arm/bin/../lib/gcc/arm-none-eabi/6.3.1/thumb/v7e-m/fpv4-sp/hard\libgcc.a(_aeabi_ldivmod.o)
                0x0800bc6c                __aeabi_ldivmod
 .text          0x0800bd0c       0x24 c:/users/maha khan/onedrive/desktop/cygnus ide/cygnus/tools/toolchain/gcc-arm/bin/../lib/gcc/arm-none-eabi/6.3.1/thumb/v7e-m/fpv4-sp/hard\libgcc.a(_fixsfdi.o)
                0x0800bd0c                __fixsfdi
                0x0800bd0c                __aeabi_f2lz
 .text          0x0800bd30       0x4c c:/users/maha khan/onedrive/desktop/cygnus ide/cygnus/tools/toolchain/gcc-arm/bin/../lib/gcc/arm-none-eabi/6.3.1/thumb/v7e-m/fpv4-sp/hard\libgcc.a(_fixunssfdi.o)
                0x0800bd30                __fixunssfdi
                0x0800bd30                __aeabi_f2ulz
 .text          0x0800bd7c      0x2dc c:/users/maha khan/onedrive/desktop/cygnus ide/cygnus/tools/toolchain/gcc-arm/bin/../lib/gcc/arm-none-eabi/6.3.1/thumb/v7e-m/fpv4-sp/hard\libgcc.a(_udivmoddi4.o)
                0x0800bd7c                __udivmoddi4
 .text          0x0800c058      0x9cc c:/users/maha khan/onedrive/desktop/cygnus ide/cygnus/tools/toolchain/gcc-arm/bin/../lib/gcc/arm-none-eabi/6.3.1/thumb/v7e-m/fpv4-sp/hard\libgcc.a(unwind-arm.o)
                0x0800c318                _Unwind_GetCFA
                0x0800c31c                __gnu_Unwind_RaiseException
                0x0800c37c                __gnu_Unwind_ForcedUnwind
                0x0800c390                __gnu_Unwind_Resume
                0x0800c3d4                __gnu_Unwind_Resume_or_Rethrow
                0x0800c3e4                _Unwind_Complete
                0x0800c3e8                _Unwind_DeleteException
                0x0800c3f4                _Unwind_VRS_Get
                0x0800c440                _Unwind_VRS_Set
                0x0800c490                __gnu_Unwind_Backtrace
                0x0800c7d0                __aeabi_unwind_cpp_pr0
                0x0800c7d4                __aeabi_unwind_cpp_pr1
                0x0800c7d8                __aeabi_unwind_cpp_pr2
                0x0800c7dc                _Unwind_VRS_Pop
 .text          0x0800ca24      0x1ac c:/users/maha khan/onedrive/desktop/cygnus ide/cygnus/tools/toolchain/gcc-arm/bin/../lib/gcc/arm-none-eabi/6.3.1/thumb/v7e-m/fpv4-sp/hard\libgcc.a(libunwind.o)
                0x0800ca24                __restore_core_regs
                0x0800ca24                restore_core_regs
                0x0800ca3c                __gnu_Unwind_Restore_VFP
                0x0800ca44                __gnu_Unwind_Save_VFP
                0x0800ca4c                __gnu_Unwind_Restore_VFP_D
                0x0800ca54                __gnu_Unwind_Save_VFP_D
                0x0800ca5c                __gnu_Unwind_Restore_VFP_D_16_to_31
                0x0800ca64                __gnu_Unwind_Save_VFP_D_16_to_31
                0x0800ca6c                __gnu_Unwind_Restore_WMMXD
                0x0800cab0                __gnu_Unwind_Save_WMMXD
                0x0800caf4                __gnu_Unwind_Restore_WMMXC
                0x0800cb08                __gnu_Unwind_Save_WMMXC
                0x0800cb1c                ___Unwind_RaiseException
                0x0800cb1c                _Unwind_RaiseException
                0x0800cb40                _Unwind_Resume
                0x0800cb40                ___Unwind_Resume
                0x0800cb64                _Unwind_Resume_or_Rethrow
                0x0800cb64                ___Unwind_Resume_or_Rethrow
                0x0800cb88                _Unwind_ForcedUnwind
                0x0800cb88                ___Unwind_ForcedUnwind
                0x0800cbac                ___Unwind_Backtrace
                0x0800cbac                _Unwind_Backtrace
 .text          0x0800cbd0      0x380 c:/users/maha khan/onedrive/desktop/cygnus ide/cygnus/tools/toolchain/gcc-arm/bin/../lib/gcc/arm-none-eabi/6.3.1/thumb/v7e-m/fpv4-sp/hard\libgcc.a(pr-support.o)
                0x0800cc28                __gnu_unwind_execute
                0x0800cef8                __gnu_unwind_frame
                0x0800cf20                _Unwind_GetRegionStart
                0x0800cf2c                _Unwind_GetLanguageSpecificData
                0x0800cf40                _Unwind_GetTextRelBase
                0x0800cf48                _Unwind_GetDataRelBase
 .text          0x0800cf50        0x4 c:/users/maha khan/onedrive/desktop/cygnus ide/cygnus/tools/toolchain/gcc-arm/bin/../lib/gcc/arm-none-eabi/6.3.1/thumb/v7e-m/fpv4-sp/hard\libgcc.a(_dvmd_tls.o)
                0x0800cf50                __aeabi_idiv0
                0x0800cf50                __aeabi_ldiv0
 .text          0x0800cf54       0x40 c:/users/maha khan/onedrive/desktop/cygnus ide/cygnus/tools/toolchain/gcc-arm/bin/../lib/gcc/arm-none-eabi/6.3.1/thumb/v7e-m/fpv4-sp/hard\libgcc.a(_arm_fixunsdfsi.o)
                0x0800cf54                __aeabi_d2uiz
                0x0800cf54                __fixunsdfsi
 *(.text*)
 .text.startup  0x0800cf94     0x244c C:\Users\MAHAKH~1\AppData\Local\Temp\ccAl5Nhc.ltrans0.ltrans.o
                0x0800cf94                main
 .text.startup  0x0800f3e0       0x10 C:\Users\MAHAKH~1\AppData\Local\Temp\ccAl5Nhc.ltrans7.ltrans.o
 .text.Reset_Handler
                0x0800f3f0       0x68 ./libs\libpluto_0.3.a(startup_stm32f30x_md_gcc.o)
                0x0800f3f0                Reset_Handler
 .text.Default_Handler
                0x0800f458        0x2 ./libs\libpluto_0.3.a(startup_stm32f30x_md_gcc.o)
                0x0800f458                RTC_Alarm_IRQHandler
                0x0800f458                TIM8_TRG_COM_IRQHandler
                0x0800f458                DebugMon_Handler
                0x0800f458                HardFault_Handler
                0x0800f458                USB_HP_IRQHandler
                0x0800f458                PVD_IRQHandler
                0x0800f458                PendSV_Handler
                0x0800f458                NMI_Handler
                0x0800f458                EXTI0_IRQHandler
                0x0800f458                I2C2_EV_IRQHandler
                0x0800f458                FPU_IRQHandler
                0x0800f458                EXTI2_TS_IRQHandler
                0x0800f458                UsageFault_Handler
                0x0800f458                ADC1_2_IRQHandler
                0x0800f458                SPI1_IRQHandler
                0x0800f458                TIM6_DAC_IRQHandler
                0x0800f458                DMA2_Channel2_IRQHandler
                0x0800f458                USART3_IRQHandler
                0x0800f458                DMA1_Channel7_IRQHandler
                0x0800f458                CAN1_RX1_IRQHandler
                0x0800f458                UART5_IRQHandler
                0x0800f458                ADC3_IRQHandler
                0x0800f458                DMA2_Channel1_IRQHandler
                0x0800f458                I2C1_EV_IRQHandler
                0x0800f458                DMA1_Channel6_IRQHandler
                0x0800f458                UART4_IRQHandler
                0x0800f458                DMA2_Channel4_IRQHandler
                0x0800f458                RCC_IRQHandler
                0x0800f458                DMA1_Channel1_IRQHandler
                0x0800f458                Default_Handler
                0x0800f458                USBWakeUp_RMP_IRQHandler
                0x0800f458                TIM7_IRQHandler
                0x0800f458                EXTI9_5_IRQHandler
                0x0800f458                TAMPER_STAMP_IRQHandler
                0x0800f458                RTC_WKUP_IRQHandler
                0x0800f458                SPI2_IRQHandler
                0x0800f458                MemManage_Handler
                0x0800f458                SVC_Handler
                0x0800f458                DMA2_Channel5_IRQHandler
                0x0800f458                DMA1_Channel5_IRQHandler
                0x0800f458                USB_LP_IRQHandler
                0x0800f458                EXTI4_IRQHandler
                0x0800f458                USB_LP_CAN1_RX0_IRQHandler
                0x0800f458                USB_HP_CAN1_TX_IRQHandler
                0x0800f458                DMA1_Channel3_IRQHandler
                0x0800f458                ADC4_IRQHandler
                0x0800f458                WWDG_IRQHandler
                0x0800f458                COMP7_IRQHandler
                0x0800f458                COMP1_2_3_IRQHandler
                0x0800f458                EXTI1_IRQHandler
                0x0800f458                COMP4_5_6_IRQHandler
                0x0800f458                I2C2_ER_IRQHandler
                0x0800f458                DMA1_Channel2_IRQHandler
                0x0800f458                TIM8_BRK_IRQHandler
                0x0800f458                CAN1_SCE_IRQHandler
                0x0800f458                FLASH_IRQHandler
                0x0800f458                BusFault_Handler
                0x0800f458                SPI3_IRQHandler
                0x0800f458                I2C1_ER_IRQHandler
                0x0800f458                USBWakeUp_IRQHandler
                0x0800f458                DMA2_Channel3_IRQHandler
 *fill*         0x0800f45a        0x2 
 .text.cosf     0x0800f45c       0x90 c:/users/maha khan/onedrive/desktop/cygnus ide/cygnus/tools/toolchain/gcc-arm/bin/../lib/gcc/arm-none-eabi/6.3.1/../../../../arm-none-eabi/lib/thumb/v7e-m/fpv4-sp/hard\libm.a(lib_a-sf_cos.o)
                0x0800f45c                cosf
 .text.lrintf   0x0800f4ec       0x98 c:/users/maha khan/onedrive/desktop/cygnus ide/cygnus/tools/toolchain/gcc-arm/bin/../lib/gcc/arm-none-eabi/6.3.1/../../../../arm-none-eabi/lib/thumb/v7e-m/fpv4-sp/hard\libm.a(lib_a-sf_lrint.o)
                0x0800f4ec                lrintf
 .text.sinf     0x0800f584       0x94 c:/users/maha khan/onedrive/desktop/cygnus ide/cygnus/tools/toolchain/gcc-arm/bin/../lib/gcc/arm-none-eabi/6.3.1/../../../../arm-none-eabi/lib/thumb/v7e-m/fpv4-sp/hard\libm.a(lib_a-sf_sin.o)
                0x0800f584                sinf
 .text.acosf    0x0800f618       0xb8 c:/users/maha khan/onedrive/desktop/cygnus ide/cygnus/tools/toolchain/gcc-arm/bin/../lib/gcc/arm-none-eabi/6.3.1/../../../../arm-none-eabi/lib/thumb/v7e-m/fpv4-sp/hard\libm.a(lib_a-wf_acos.o)
                0x0800f618                acosf
 .text.asinf    0x0800f6d0       0xb8 c:/users/maha khan/onedrive/desktop/cygnus ide/cygnus/tools/toolchain/gcc-arm/bin/../lib/gcc/arm-none-eabi/6.3.1/../../../../arm-none-eabi/lib/thumb/v7e-m/fpv4-sp/hard\libm.a(lib_a-wf_asin.o)
                0x0800f6d0                asinf
 .text.atan2f   0x0800f788        0x4 c:/users/maha khan/onedrive/desktop/cygnus ide/cygnus/tools/toolchain/gcc-arm/bin/../lib/gcc/arm-none-eabi/6.3.1/../../../../arm-none-eabi/lib/thumb/v7e-m/fpv4-sp/hard\libm.a(lib_a-wf_atan2.o)
                0x0800f788                atan2f
 .text.logf     0x0800f78c       0xf8 c:/users/maha khan/onedrive/desktop/cygnus ide/cygnus/tools/toolchain/gcc-arm/bin/../lib/gcc/arm-none-eabi/6.3.1/../../../../arm-none-eabi/lib/thumb/v7e-m/fpv4-sp/hard\libm.a(lib_a-wf_log.o)
                0x0800f78c                logf
 .text.sqrtf    0x0800f884       0xac c:/users/maha khan/onedrive/desktop/cygnus ide/cygnus/tools/toolchain/gcc-arm/bin/../lib/gcc/arm-none-eabi/6.3.1/../../../../arm-none-eabi/lib/thumb/v7e-m/fpv4-sp/hard\libm.a(lib_a-wf_sqrt.o)
                0x0800f884                sqrtf
 .text.__ieee754_acosf
                0x0800f930      0x244 c:/users/maha khan/onedrive/desktop/cygnus ide/cygnus/tools/toolchain/gcc-arm/bin/../lib/gcc/arm-none-eabi/6.3.1/../../../../arm-none-eabi/lib/thumb/v7e-m/fpv4-sp/hard\libm.a(lib_a-ef_acos.o)
                0x0800f930                __ieee754_acosf
 .text.__ieee754_asinf
                0x0800fb74      0x1f8 c:/users/maha khan/onedrive/desktop/cygnus ide/cygnus/tools/toolchain/gcc-arm/bin/../lib/gcc/arm-none-eabi/6.3.1/../../../../arm-none-eabi/lib/thumb/v7e-m/fpv4-sp/hard\libm.a(lib_a-ef_asin.o)
                0x0800fb74                __ieee754_asinf
 .text.__ieee754_atan2f
                0x0800fd6c      0x180 c:/users/maha khan/onedrive/desktop/cygnus ide/cygnus/tools/toolchain/gcc-arm/bin/../lib/gcc/arm-none-eabi/6.3.1/../../../../arm-none-eabi/lib/thumb/v7e-m/fpv4-sp/hard\libm.a(lib_a-ef_atan2.o)
                0x0800fd6c                __ieee754_atan2f
 .text.__ieee754_logf
                0x0800feec      0x218 c:/users/maha khan/onedrive/desktop/cygnus ide/cygnus/tools/toolchain/gcc-arm/bin/../lib/gcc/arm-none-eabi/6.3.1/../../../../arm-none-eabi/lib/thumb/v7e-m/fpv4-sp/hard\libm.a(lib_a-ef_log.o)
                0x0800feec                __ieee754_logf
 .text.__ieee754_rem_pio2f
                0x08010104      0x290 c:/users/maha khan/onedrive/desktop/cygnus ide/cygnus/tools/toolchain/gcc-arm/bin/../lib/gcc/arm-none-eabi/6.3.1/../../../../arm-none-eabi/lib/thumb/v7e-m/fpv4-sp/hard\libm.a(lib_a-ef_rem_pio2.o)
                0x08010104                __ieee754_rem_pio2f
 .text.__ieee754_sqrtf
                0x08010394        0x8 c:/users/maha khan/onedrive/desktop/cygnus ide/cygnus/tools/toolchain/gcc-arm/bin/../lib/gcc/arm-none-eabi/6.3.1/../../../../arm-none-eabi/lib/thumb/v7e-m/fpv4-sp/hard\libm.a(lib_a-ef_sqrt.o)
                0x08010394                __ieee754_sqrtf
 .text.__kernel_cosf
                0x0801039c      0x104 c:/users/maha khan/onedrive/desktop/cygnus ide/cygnus/tools/toolchain/gcc-arm/bin/../lib/gcc/arm-none-eabi/6.3.1/../../../../arm-none-eabi/lib/thumb/v7e-m/fpv4-sp/hard\libm.a(lib_a-kf_cos.o)
                0x0801039c                __kernel_cosf
 .text.__kernel_rem_pio2f
                0x080104a0      0x690 c:/users/maha khan/onedrive/desktop/cygnus ide/cygnus/tools/toolchain/gcc-arm/bin/../lib/gcc/arm-none-eabi/6.3.1/../../../../arm-none-eabi/lib/thumb/v7e-m/fpv4-sp/hard\libm.a(lib_a-kf_rem_pio2.o)
                0x080104a0                __kernel_rem_pio2f
 .text.__kernel_sinf
                0x08010b30       0x90 c:/users/maha khan/onedrive/desktop/cygnus ide/cygnus/tools/toolchain/gcc-arm/bin/../lib/gcc/arm-none-eabi/6.3.1/../../../../arm-none-eabi/lib/thumb/v7e-m/fpv4-sp/hard\libm.a(lib_a-kf_sin.o)
                0x08010b30                __kernel_sinf
 .text.matherr  0x08010bc0        0x4 c:/users/maha khan/onedrive/desktop/cygnus ide/cygnus/tools/toolchain/gcc-arm/bin/../lib/gcc/arm-none-eabi/6.3.1/../../../../arm-none-eabi/lib/thumb/v7e-m/fpv4-sp/hard\libm.a(lib_a-s_matherr.o)
                0x08010bc0                matherr
 *fill*         0x08010bc4        0x4 
 .text.nan      0x08010bc8       0x10 c:/users/maha khan/onedrive/desktop/cygnus ide/cygnus/tools/toolchain/gcc-arm/bin/../lib/gcc/arm-none-eabi/6.3.1/../../../../arm-none-eabi/lib/thumb/v7e-m/fpv4-sp/hard\libm.a(lib_a-s_nan.o)
                0x08010bc8                nan
 .text.atanf    0x08010bd8      0x1b0 c:/users/maha khan/onedrive/desktop/cygnus ide/cygnus/tools/toolchain/gcc-arm/bin/../lib/gcc/arm-none-eabi/6.3.1/../../../../arm-none-eabi/lib/thumb/v7e-m/fpv4-sp/hard\libm.a(lib_a-sf_atan.o)
                0x08010bd8                atanf
 .text.fabsf    0x08010d88       0x10 c:/users/maha khan/onedrive/desktop/cygnus ide/cygnus/tools/toolchain/gcc-arm/bin/../lib/gcc/arm-none-eabi/6.3.1/../../../../arm-none-eabi/lib/thumb/v7e-m/fpv4-sp/hard\libm.a(lib_a-sf_fabs.o)
                0x08010d88                fabsf
 .text.floorf   0x08010d98       0x90 c:/users/maha khan/onedrive/desktop/cygnus ide/cygnus/tools/toolchain/gcc-arm/bin/../lib/gcc/arm-none-eabi/6.3.1/../../../../arm-none-eabi/lib/thumb/v7e-m/fpv4-sp/hard\libm.a(lib_a-sf_floor.o)
                0x08010d98                floorf
 .text.scalbnf  0x08010e28       0xd0 c:/users/maha khan/onedrive/desktop/cygnus ide/cygnus/tools/toolchain/gcc-arm/bin/../lib/gcc/arm-none-eabi/6.3.1/../../../../arm-none-eabi/lib/thumb/v7e-m/fpv4-sp/hard\libm.a(lib_a-sf_scalbn.o)
                0x08010e28                scalbnf
 .text.copysignf
                0x08010ef8       0x18 c:/users/maha khan/onedrive/desktop/cygnus ide/cygnus/tools/toolchain/gcc-arm/bin/../lib/gcc/arm-none-eabi/6.3.1/../../../../arm-none-eabi/lib/thumb/v7e-m/fpv4-sp/hard\libm.a(lib_a-sf_copysign.o)
                0x08010ef8                copysignf
 .text.__errno  0x08010f10        0xc c:/users/maha khan/onedrive/desktop/cygnus ide/cygnus/tools/toolchain/gcc-arm/bin/../lib/gcc/arm-none-eabi/6.3.1/../../../../arm-none-eabi/lib/thumb/v7e-m/fpv4-sp/hard\libc.a(lib_a-errno.o)
                0x08010f10                __errno
 .text.memset   0x08010f1c       0x9c c:/users/maha khan/onedrive/desktop/cygnus ide/cygnus/tools/toolchain/gcc-arm/bin/../lib/gcc/arm-none-eabi/6.3.1/../../../../arm-none-eabi/lib/thumb/v7e-m/fpv4-sp/hard\libc.a(lib_a-memset.o)
                0x08010f1c                memset
 .text.strchr   0x08010fb8       0xe8 c:/users/maha khan/onedrive/desktop/cygnus ide/cygnus/tools/toolchain/gcc-arm/bin/../lib/gcc/arm-none-eabi/6.3.1/../../../../arm-none-eabi/lib/thumb/v7e-m/fpv4-sp/hard\libc.a(lib_a-strchr.o)
                0x08010fb8                strchr
 .text.abort    0x080110a0       0x10 c:/users/maha khan/onedrive/desktop/cygnus ide/cygnus/tools/toolchain/gcc-arm/bin/../lib/gcc/arm-none-eabi/6.3.1/../../../../arm-none-eabi/lib/thumb/v7e-m/fpv4-sp/hard\libg.a(lib_a-abort.o)
                0x080110a0                abort
 .text._raise_r
                0x080110b0       0x60 c:/users/maha khan/onedrive/desktop/cygnus ide/cygnus/tools/toolchain/gcc-arm/bin/../lib/gcc/arm-none-eabi/6.3.1/../../../../arm-none-eabi/lib/thumb/v7e-m/fpv4-sp/hard\libg.a(lib_a-signal.o)
                0x080110b0                _raise_r
 .text.raise    0x08011110       0x10 c:/users/maha khan/onedrive/desktop/cygnus ide/cygnus/tools/toolchain/gcc-arm/bin/../lib/gcc/arm-none-eabi/6.3.1/../../../../arm-none-eabi/lib/thumb/v7e-m/fpv4-sp/hard\libg.a(lib_a-signal.o)
                0x08011110                raise
 .text._kill_r  0x08011120       0x28 c:/users/maha khan/onedrive/desktop/cygnus ide/cygnus/tools/toolchain/gcc-arm/bin/../lib/gcc/arm-none-eabi/6.3.1/../../../../arm-none-eabi/lib/thumb/v7e-m/fpv4-sp/hard\libg.a(lib_a-signalr.o)
                0x08011120                _kill_r
 .text._getpid_r
                0x08011148        0x4 c:/users/maha khan/onedrive/desktop/cygnus ide/cygnus/tools/toolchain/gcc-arm/bin/../lib/gcc/arm-none-eabi/6.3.1/../../../../arm-none-eabi/lib/thumb/v7e-m/fpv4-sp/hard\libg.a(lib_a-signalr.o)
                0x08011148                _getpid_r
 .text._getpid  0x0801114c       0x10 c:/users/maha khan/onedrive/desktop/cygnus ide/cygnus/tools/toolchain/gcc-arm/bin/../lib/gcc/arm-none-eabi/6.3.1/../../../../arm-none-eabi/lib/thumb/v7e-m/fpv4-sp/hard\libnosys.a(getpid.o)
                0x0801114c                _getpid
 .text._kill    0x0801115c       0x10 c:/users/maha khan/onedrive/desktop/cygnus ide/cygnus/tools/toolchain/gcc-arm/bin/../lib/gcc/arm-none-eabi/6.3.1/../../../../arm-none-eabi/lib/thumb/v7e-m/fpv4-sp/hard\libnosys.a(kill.o)
                0x0801115c                _kill
 .text._exit    0x0801116c        0x4 c:/users/maha khan/onedrive/desktop/cygnus ide/cygnus/tools/toolchain/gcc-arm/bin/../lib/gcc/arm-none-eabi/6.3.1/../../../../arm-none-eabi/lib/thumb/v7e-m/fpv4-sp/hard\libnosys.a(_exit.o)
                0x0801116c                _exit
 *(.rodata)
 .rodata        0x08011170      0x10e C:\Users\MAHAKH~1\AppData\Local\Temp\ccAl5Nhc.ltrans1.ltrans.o
 .rodata        0x0801127e       0x3c C:\Users\MAHAKH~1\AppData\Local\Temp\ccAl5Nhc.ltrans3.ltrans.o
 .rodata        0x080112ba       0x30 C:\Users\MAHAKH~1\AppData\Local\Temp\ccAl5Nhc.ltrans4.ltrans.o
 *fill*         0x080112ea        0x2 
 .rodata        0x080112ec       0x14 C:\Users\MAHAKH~1\AppData\Local\Temp\ccAl5Nhc.ltrans5.ltrans.o
                0x080112ec                refArrayQuadrants
                0x080112fc                serialPortIdentifiers
 .rodata        0x08011300      0x120 C:\Users\MAHAKH~1\AppData\Local\Temp\ccAl5Nhc.ltrans7.ltrans.o
                0x0801141c                magneticDeclination
 .rodata        0x08011420       0x20 C:\Users\MAHAKH~1\AppData\Local\Temp\ccAl5Nhc.ltrans12.ltrans.o
                0x0801143c                SystemCoreClock
 .rodata        0x08011440       0x15 C:\Users\MAHAKH~1\AppData\Local\Temp\ccAl5Nhc.ltrans14.ltrans.o
 *fill*         0x08011455        0x3 
 .rodata        0x08011458      0x150 C:\Users\MAHAKH~1\AppData\Local\Temp\ccAl5Nhc.ltrans18.ltrans.o
                0x08011458                _ZL5boxes.lto_priv.204
 *(.rodata*)
 .rodata.str1.1
                0x080115a8        0xa C:\Users\MAHAKH~1\AppData\Local\Temp\ccAl5Nhc.ltrans0.ltrans.o
 .rodata.str1.1
                0x080115b2       0x23 C:\Users\MAHAKH~1\AppData\Local\Temp\ccAl5Nhc.ltrans4.ltrans.o
 .rodata.str1.1
                0x080115d5       0xa1 C:\Users\MAHAKH~1\AppData\Local\Temp\ccAl5Nhc.ltrans7.ltrans.o
                                 0xa8 (size before relaxing)
 .rodata.str1.1
                0x08011676        0x9 C:\Users\MAHAKH~1\AppData\Local\Temp\ccAl5Nhc.ltrans14.ltrans.o
 .rodata.str1.1
                0x0801167f       0xe2 C:\Users\MAHAKH~1\AppData\Local\Temp\ccAl5Nhc.ltrans18.ltrans.o
 *fill*         0x08011761        0x3 
 .rodata.TWO23  0x08011764        0x8 c:/users/maha khan/onedrive/desktop/cygnus ide/cygnus/tools/toolchain/gcc-arm/bin/../lib/gcc/arm-none-eabi/6.3.1/../../../../arm-none-eabi/lib/thumb/v7e-m/fpv4-sp/hard\libm.a(lib_a-sf_lrint.o)
 .rodata.acosf.str1.4
                0x0801176c        0x6 c:/users/maha khan/onedrive/desktop/cygnus ide/cygnus/tools/toolchain/gcc-arm/bin/../lib/gcc/arm-none-eabi/6.3.1/../../../../arm-none-eabi/lib/thumb/v7e-m/fpv4-sp/hard\libm.a(lib_a-wf_acos.o)
                                  0x9 (size before relaxing)
 *fill*         0x08011772        0x2 
 .rodata.asinf.str1.4
                0x08011774        0x6 c:/users/maha khan/onedrive/desktop/cygnus ide/cygnus/tools/toolchain/gcc-arm/bin/../lib/gcc/arm-none-eabi/6.3.1/../../../../arm-none-eabi/lib/thumb/v7e-m/fpv4-sp/hard\libm.a(lib_a-wf_asin.o)
                                  0x9 (size before relaxing)
 *fill*         0x0801177a        0x2 
 .rodata.logf.str1.4
                0x0801177c        0x5 c:/users/maha khan/onedrive/desktop/cygnus ide/cygnus/tools/toolchain/gcc-arm/bin/../lib/gcc/arm-none-eabi/6.3.1/../../../../arm-none-eabi/lib/thumb/v7e-m/fpv4-sp/hard\libm.a(lib_a-wf_log.o)
                                  0x9 (size before relaxing)
 *fill*         0x08011781        0x3 
 .rodata.sqrtf.str1.4
                0x08011784        0x8 c:/users/maha khan/onedrive/desktop/cygnus ide/cygnus/tools/toolchain/gcc-arm/bin/../lib/gcc/arm-none-eabi/6.3.1/../../../../arm-none-eabi/lib/thumb/v7e-m/fpv4-sp/hard\libm.a(lib_a-wf_sqrt.o)
                                  0x6 (size before relaxing)
 .rodata.npio2_hw
                0x0801178c       0x80 c:/users/maha khan/onedrive/desktop/cygnus ide/cygnus/tools/toolchain/gcc-arm/bin/../lib/gcc/arm-none-eabi/6.3.1/../../../../arm-none-eabi/lib/thumb/v7e-m/fpv4-sp/hard\libm.a(lib_a-ef_rem_pio2.o)
 .rodata.two_over_pi
                0x0801180c      0x318 c:/users/maha khan/onedrive/desktop/cygnus ide/cygnus/tools/toolchain/gcc-arm/bin/../lib/gcc/arm-none-eabi/6.3.1/../../../../arm-none-eabi/lib/thumb/v7e-m/fpv4-sp/hard\libm.a(lib_a-ef_rem_pio2.o)
 .rodata.PIo2   0x08011b24       0x2c c:/users/maha khan/onedrive/desktop/cygnus ide/cygnus/tools/toolchain/gcc-arm/bin/../lib/gcc/arm-none-eabi/6.3.1/../../../../arm-none-eabi/lib/thumb/v7e-m/fpv4-sp/hard\libm.a(lib_a-kf_rem_pio2.o)
 .rodata.init_jk
                0x08011b50        0xc c:/users/maha khan/onedrive/desktop/cygnus ide/cygnus/tools/toolchain/gcc-arm/bin/../lib/gcc/arm-none-eabi/6.3.1/../../../../arm-none-eabi/lib/thumb/v7e-m/fpv4-sp/hard\libm.a(lib_a-kf_rem_pio2.o)
 .rodata.atanhi
                0x08011b5c       0x10 c:/users/maha khan/onedrive/desktop/cygnus ide/cygnus/tools/toolchain/gcc-arm/bin/../lib/gcc/arm-none-eabi/6.3.1/../../../../arm-none-eabi/lib/thumb/v7e-m/fpv4-sp/hard\libm.a(lib_a-sf_atan.o)
 .rodata.atanlo
                0x08011b6c       0x10 c:/users/maha khan/onedrive/desktop/cygnus ide/cygnus/tools/toolchain/gcc-arm/bin/../lib/gcc/arm-none-eabi/6.3.1/../../../../arm-none-eabi/lib/thumb/v7e-m/fpv4-sp/hard\libm.a(lib_a-sf_atan.o)
 *(.glue_7)
 .glue_7        0x08011b7c        0x0 linker stubs
 *(.glue_7t)
 .glue_7t       0x08011b7c        0x0 linker stubs
 *(.eh_frame)
 *(.init)
 *(.fini)
                0x08011b7c                . = ALIGN (0x4)
                0x08011b7c                _etext = .

.vfp11_veneer   0x08011b7c        0x0
 .vfp11_veneer  0x08011b7c        0x0 linker stubs

.v4_bx          0x08011b7c        0x0
 .v4_bx         0x08011b7c        0x0 linker stubs

.iplt           0x08011b7c        0x0
 .iplt          0x08011b7c        0x0 ./libs\libpluto_0.3.a(startup_stm32f30x_md_gcc.o)

.ARM.extab      0x08011b7c       0x90
 *(.ARM.extab* .gnu.linkonce.armextab.*)
 .ARM.extab.text.startup
                0x08011b7c        0xc C:\Users\MAHAKH~1\AppData\Local\Temp\ccAl5Nhc.ltrans0.ltrans.o
 .ARM.extab     0x08011b88        0xc C:\Users\MAHAKH~1\AppData\Local\Temp\ccAl5Nhc.ltrans4.ltrans.o
 .ARM.extab     0x08011b94        0xc C:\Users\MAHAKH~1\AppData\Local\Temp\ccAl5Nhc.ltrans7.ltrans.o
 .ARM.extab     0x08011ba0       0x18 C:\Users\MAHAKH~1\AppData\Local\Temp\ccAl5Nhc.ltrans8.ltrans.o
 .ARM.extab     0x08011bb8       0x24 C:\Users\MAHAKH~1\AppData\Local\Temp\ccAl5Nhc.ltrans9.ltrans.o
 .ARM.extab     0x08011bdc        0xc C:\Users\MAHAKH~1\AppData\Local\Temp\ccAl5Nhc.ltrans11.ltrans.o
 .ARM.extab     0x08011be8        0xc C:\Users\MAHAKH~1\AppData\Local\Temp\ccAl5Nhc.ltrans18.ltrans.o
 .ARM.extab     0x08011bf4       0x18 c:/users/maha khan/onedrive/desktop/cygnus ide/cygnus/tools/toolchain/gcc-arm/bin/../lib/gcc/arm-none-eabi/6.3.1/thumb/v7e-m/fpv4-sp/hard\libgcc.a(pr-support.o)

.ARM            0x08011c0c      0x1f8
                0x08011c0c                __exidx_start = .
 *(.ARM.exidx*)
 .ARM.exidx.text.startup
                0x08011df4        0x8 C:\Users\MAHAKH~1\AppData\Local\Temp\ccAl5Nhc.ltrans0.ltrans.o
 .ARM.exidx     0x08011c0c        0x8 C:\Users\MAHAKH~1\AppData\Local\Temp\ccAl5Nhc.ltrans1.ltrans.o
 .ARM.exidx     0x08011c14        0x8 C:\Users\MAHAKH~1\AppData\Local\Temp\ccAl5Nhc.ltrans3.ltrans.o
 .ARM.exidx     0x08011c1c       0x20 C:\Users\MAHAKH~1\AppData\Local\Temp\ccAl5Nhc.ltrans4.ltrans.o
 .ARM.exidx     0x08011c3c       0x10 C:\Users\MAHAKH~1\AppData\Local\Temp\ccAl5Nhc.ltrans5.ltrans.o
                                 0x48 (size before relaxing)
 .ARM.exidx     0x08011c4c       0x28 C:\Users\MAHAKH~1\AppData\Local\Temp\ccAl5Nhc.ltrans7.ltrans.o
                                 0x98 (size before relaxing)
 .ARM.exidx.text.startup
                0x08011dfc        0x8 C:\Users\MAHAKH~1\AppData\Local\Temp\ccAl5Nhc.ltrans7.ltrans.o
 .ARM.exidx     0x08011c74       0x20 C:\Users\MAHAKH~1\AppData\Local\Temp\ccAl5Nhc.ltrans8.ltrans.o
                                 0x40 (size before relaxing)
 .ARM.exidx     0x08011c94       0x30 C:\Users\MAHAKH~1\AppData\Local\Temp\ccAl5Nhc.ltrans9.ltrans.o
                                 0x38 (size before relaxing)
 .ARM.exidx     0x08011cc4        0x0 C:\Users\MAHAKH~1\AppData\Local\Temp\ccAl5Nhc.ltrans10.ltrans.o
                                 0x38 (size before relaxing)
 .ARM.exidx     0x08011cc4       0x10 C:\Users\MAHAKH~1\AppData\Local\Temp\ccAl5Nhc.ltrans11.ltrans.o
                                 0x18 (size before relaxing)
 .ARM.exidx     0x08011cd4       0x10 C:\Users\MAHAKH~1\AppData\Local\Temp\ccAl5Nhc.ltrans12.ltrans.o
                                 0x20 (size before relaxing)
 .ARM.exidx     0x08011ce4       0x30 C:\Users\MAHAKH~1\AppData\Local\Temp\ccAl5Nhc.ltrans13.ltrans.o
                                 0x48 (size before relaxing)
 .ARM.exidx     0x08011d14       0x20 C:\Users\MAHAKH~1\AppData\Local\Temp\ccAl5Nhc.ltrans14.ltrans.o
                                 0xa0 (size before relaxing)
 .ARM.exidx     0x08011d34        0x0 C:\Users\MAHAKH~1\AppData\Local\Temp\ccAl5Nhc.ltrans15.ltrans.o
                                 0x58 (size before relaxing)
 .ARM.exidx     0x08011d34        0x0 C:\Users\MAHAKH~1\AppData\Local\Temp\ccAl5Nhc.ltrans17.ltrans.o
                                 0x70 (size before relaxing)
 .ARM.exidx     0x08011d34       0x10 C:\Users\MAHAKH~1\AppData\Local\Temp\ccAl5Nhc.ltrans18.ltrans.o
                                  0x8 (size before relaxing)
 .ARM.exidx     0x08011d44        0x0 C:\Users\MAHAKH~1\AppData\Local\Temp\ccAl5Nhc.ltrans19.ltrans.o
                                  0x8 (size before relaxing)
 .ARM.exidx     0x08011d44        0x0 C:\Users\MAHAKH~1\AppData\Local\Temp\ccAl5Nhc.ltrans20.ltrans.o
                                 0x18 (size before relaxing)
 .ARM.exidx     0x08011d44        0x0 c:/users/maha khan/onedrive/desktop/cygnus ide/cygnus/tools/toolchain/gcc-arm/bin/../lib/gcc/arm-none-eabi/6.3.1/thumb/v7e-m/fpv4-sp/hard\libgcc.a(_udivmoddi4.o)
                                  0x8 (size before relaxing)
 .ARM.exidx     0x08011d44       0x78 c:/users/maha khan/onedrive/desktop/cygnus ide/cygnus/tools/toolchain/gcc-arm/bin/../lib/gcc/arm-none-eabi/6.3.1/thumb/v7e-m/fpv4-sp/hard\libgcc.a(unwind-arm.o)
                                 0xd8 (size before relaxing)
 .ARM.exidx     0x08011dbc       0x38 c:/users/maha khan/onedrive/desktop/cygnus ide/cygnus/tools/toolchain/gcc-arm/bin/../lib/gcc/arm-none-eabi/6.3.1/thumb/v7e-m/fpv4-sp/hard\libgcc.a(pr-support.o)
                                 0x48 (size before relaxing)
                0x08011e04                __exidx_end = .

.rel.dyn        0x08011e04        0x0
 .rel.iplt      0x08011e04        0x0 ./libs\libpluto_0.3.a(startup_stm32f30x_md_gcc.o)

.preinit_array  0x08011e04        0x0
                [!provide]                PROVIDE (__preinit_array_start, .)
 *(.preinit_array*)
                [!provide]                PROVIDE (__preinit_array_end, .)

.init_array     0x08011e04        0x4
                [!provide]                PROVIDE (__init_array_start, .)
 *(SORT(.init_array.*))
 *(.init_array*)
 .init_array    0x08011e04        0x4 C:\Users\MAHAKH~1\AppData\Local\Temp\ccAl5Nhc.ltrans7.ltrans.o
                [!provide]                PROVIDE (__init_array_end, .)

.fini_array     0x08011e08        0x0
                [!provide]                PROVIDE (__fini_array_start, .)
 *(.fini_array*)
 *(SORT(.fini_array.*))
                [!provide]                PROVIDE (__fini_array_end, .)
                0x08011e08                _sidata = .

.data           0x20000000      0x4d8 load address 0x08011e08
                0x20000000                . = ALIGN (0x4)
                0x20000000                _sdata = .
 *(.data)
 .data          0x20000000        0xb C:\Users\MAHAKH~1\AppData\Local\Temp\ccAl5Nhc.ltrans0.ltrans.o
 .data          0x2000000b        0x2 C:\Users\MAHAKH~1\AppData\Local\Temp\ccAl5Nhc.ltrans3.ltrans.o
                0x2000000b                _ZL18rxIsInFailsafeMode.lto_priv.259
                0x2000000c                _ZL31rxIsInFailsafeModeNotDataDriven.lto_priv.261
 *fill*         0x2000000d        0x3 
 .data          0x20000010        0x5 C:\Users\MAHAKH~1\AppData\Local\Temp\ccAl5Nhc.ltrans5.ltrans.o
                0x20000010                _ZL13rcReadRawFunc.lto_priv.237
                0x20000014                _ZL18isUsingSticksToArm.lto_priv.233
 *fill*         0x20000015        0x3 
 .data          0x20000018       0x2c C:\Users\MAHAKH~1\AppData\Local\Temp\ccAl5Nhc.ltrans7.ltrans.o
                0x20000018                dcm_matrix
 .data          0x20000044        0x9 C:\Users\MAHAKH~1\AppData\Local\Temp\ccAl5Nhc.ltrans8.ltrans.o
                0x2000004c                velocityControl
 *fill*         0x2000004d        0x3 
 .data          0x20000050        0x8 C:\Users\MAHAKH~1\AppData\Local\Temp\ccAl5Nhc.ltrans9.ltrans.o
                0x20000050                headFreeModeHold
                0x20000054                pid_controller
 .data          0x20000058        0xc C:\Users\MAHAKH~1\AppData\Local\Temp\ccAl5Nhc.ltrans10.ltrans.o
 .data          0x20000064       0x33 C:\Users\MAHAKH~1\AppData\Local\Temp\ccAl5Nhc.ltrans11.ltrans.o
                0x20000096                _ZL22standardBoardAlignment.lto_priv.325
 *fill*         0x20000097        0x1 
 .data          0x20000098        0x2 C:\Users\MAHAKH~1\AppData\Local\Temp\ccAl5Nhc.ltrans13.ltrans.o
                0x20000098                acc_1G
 .data          0x2000009a        0x4 C:\Users\MAHAKH~1\AppData\Local\Temp\ccAl5Nhc.ltrans18.ltrans.o
                0x2000009a                command_status
                0x2000009c                max_altitude
 .data          0x2000009e        0x6 C:\Users\MAHAKH~1\AppData\Local\Temp\ccAl5Nhc.ltrans20.ltrans.o
                0x2000009e                setLandTimer
                0x200000a0                takeOffHeight
                0x200000a2                landThrottle
 *(.data*)
 .data.__fdlib_version
                0x200000a4        0x1 c:/users/maha khan/onedrive/desktop/cygnus ide/cygnus/tools/toolchain/gcc-arm/bin/../lib/gcc/arm-none-eabi/6.3.1/../../../../arm-none-eabi/lib/thumb/v7e-m/fpv4-sp/hard\libm.a(lib_a-s_lib_ver.o)
                0x200000a4                __fdlib_version
 *fill*         0x200000a5        0x3 
 .data._impure_ptr
                0x200000a8        0x4 c:/users/maha khan/onedrive/desktop/cygnus ide/cygnus/tools/toolchain/gcc-arm/bin/../lib/gcc/arm-none-eabi/6.3.1/../../../../arm-none-eabi/lib/thumb/v7e-m/fpv4-sp/hard\libc.a(lib_a-impure.o)
                0x200000a8                _impure_ptr
 *fill*         0x200000ac        0x4 
 .data.impure_data
                0x200000b0      0x428 c:/users/maha khan/onedrive/desktop/cygnus ide/cygnus/tools/toolchain/gcc-arm/bin/../lib/gcc/arm-none-eabi/6.3.1/../../../../arm-none-eabi/lib/thumb/v7e-m/fpv4-sp/hard\libc.a(lib_a-impure.o)
                0x200004d8                . = ALIGN (0x4)
                0x200004d8                _edata = .

.igot.plt       0x200004d8        0x0 load address 0x080122e0
 .igot.plt      0x200004d8        0x0 ./libs\libpluto_0.3.a(startup_stm32f30x_md_gcc.o)
                0x200004d8                . = ALIGN (0x4)

.bss            0x200004d8     0x1a4c load address 0x080122e0
                0x200004d8                _sbss = .
                0x200004d8                __bss_start__ = _sbss
 *(.bss)
 .bss           0x200004d8      0x2ae C:\Users\MAHAKH~1\AppData\Local\Temp\ccAl5Nhc.ltrans0.ltrans.o
                0x200004f8                gyroAlign
                0x2000054c                acc
                0x20000558                accAlign
                0x2000058c                smallAngle
                0x20000590                previousTime
                0x200005a4                _ZL12batteryState.lto_priv.292
                0x200005a6                batteryWarningVoltage
                0x200005a8                batteryCriticalVoltage
                0x200005c4                _ZL8mspPorts.lto_priv.314
                0x2000065e                _ZL13rxRefreshRate.lto_priv.294
                0x200006a4                _ZL12currentMixer.lto_priv.285
                0x20000764                motorControlEnable
                0x20000784                GPIO
                0x20000785                batteryCellCount
 *fill*         0x20000786        0x2 
 .bss           0x20000788      0x140 C:\Users\MAHAKH~1\AppData\Local\Temp\ccAl5Nhc.ltrans1.ltrans.o
 .bss           0x200008c8      0x10c C:\Users\MAHAKH~1\AppData\Local\Temp\ccAl5Nhc.ltrans3.ltrans.o
                0x200008c8                _ZL10rxUpdateAt.lto_priv.258
                0x200008f0                _ZL16rxSignalReceived.lto_priv.243
                0x200008f1                _ZL29rxSignalReceivedNotDataDriven.lto_priv.260
                0x200008f3                _ZL13rcSampleIndex.lto_priv.293
                0x20000970                _ZL8rxConfig.lto_priv.311
                0x20000974                _ZL8disarmAt.lto_priv.239
                0x2000097b                isThrottleStickArmed
                0x2000097c                netAccMagnitude
                0x20000980                calibratingG
                0x20000984                isHeadSet
                0x20000988                rcInvalidPulsPeriod
                0x200009d0                calibratingB
                0x200009d2                isChukedArmed
                0x200009d3                isTookOff
 .bss           0x200009d4       0x98 C:\Users\MAHAKH~1\AppData\Local\Temp\ccAl5Nhc.ltrans4.ltrans.o
                0x200009d4                _ZL14enabledSensors.lto_priv.229
                0x200009d8                _ZL16activeBoxIdCount.lto_priv.313
                0x200009d9                _ZL12activeBoxIds.lto_priv.312
                0x200009f6                accSmooth
                0x200009fc                gyroADC
                0x20000a02                motor
                0x20000a1a                inclination_generalised
                0x20000a20                heading
                0x20000a24                _ZL6EstAlt.lto_priv.227
                0x20000a28                vario
                0x20000a2c                mAhDrawn
                0x20000a30                rssi
                0x20000a34                amperage
                0x20000a38                _ZL15serialPortCount.lto_priv.327
                0x20000a3c                _ZL19serialPortUsageList.lto_priv.212
 .bss           0x20000a6c      0x62f C:\Users\MAHAKH~1\AppData\Local\Temp\ccAl5Nhc.ltrans5.ltrans.o
                0x20000a6e                initInternalMotors
                0x20000a70                motor_disarmed
                0x20000a88                rxRuntimeConfigPtr.lto_priv.279
                0x20000a8c                rxRuntimeConfig
                0x20000a90                masterConfig
                0x20000fe0                spek_chan_shift.lto_priv.278
                0x20000fe1                spek_chan_mask.lto_priv.280
                0x20000fe2                spekHiRes.lto_priv.194
                0x20000fe4                _ZL17escAndServoConfig.lto_priv.230
                0x20000fe8                _ZL10pidProfile.lto_priv.231
                0x20000fec                _ZL19activeFeaturesLatch.lto_priv.196
                0x20000ff0                rcData
                0x20001014                _ZL5uart2.lto_priv.252
                0x20001018                omega_I
                0x20001024                omega_P
                0x20001030                omega_yaw_P
                0x2000103c                omega
                0x20001048                anglerad
                0x20001054                currentTime
                0x2000105c                compassLastUpdatedAt
                0x20001060                magADC
                0x20001068                mag
                0x20001070                magAlign
                0x20001071                stateFlags
                0x20001078                have_initial_yaw
                0x2000108c                _ZL7magInit.lto_priv.315
                0x20001090                _ZL5uart3.lto_priv.253
                0x20001094                UART
                0x20001095                spi
                0x2000109a                Motor
 *fill*         0x2000109b        0x1 
 .bss           0x2000109c       0xb5 C:\Users\MAHAKH~1\AppData\Local\Temp\ccAl5Nhc.ltrans7.ltrans.o
                0x2000109c                extiHandlerConfigs.lto_priv.328
                0x200010a4                _ZL13mspSerialPort.lto_priv.245
                0x200010aa                lookupThrottleRC
                0x200010c2                lookupPitchRollRC
                0x200010d0                _ZL10beeperIsOn.lto_priv.250
                0x200010d4                _ZL20beeperNextToggleTime.lto_priv.249
                0x200010d8                _ZL9beeperPos.lto_priv.251
                0x200010dc                _ZL18currentBeeperEntry.lto_priv.248
                0x200010f8                usTicks.lto_priv.329
                0x200010fc                cycleTime
                0x200010fe                motorCount
                0x20001124                ra_deltaT
                0x20001144                ra_sum
                0x20001150                _ZL15warningLedState.lto_priv.247
 *fill*         0x20001151        0x3 
 .bss           0x20001154      0x104 C:\Users\MAHAKH~1\AppData\Local\Temp\ccAl5Nhc.ltrans8.ltrans.o
                0x200011ac                gyro
                0x200011d0                _ZL19initialThrottleHold.lto_priv.242
                0x200011d4                errorVelocityI
                0x200011d8                altHoldThrottleAdjustment
                0x200011e0                baroGroundTemperature
                0x200011e4                baroGroundPressure
                0x2000124c                AltHold
                0x20001250                setVelocity
 .bss           0x20001258       0xbc C:\Users\MAHAKH~1\AppData\Local\Temp\ccAl5Nhc.ltrans9.ltrans.o
                0x20001278                rcCommand
                0x20001280                PIDweight
                0x20001284                _ZL10PTermState.lto_priv.223
                0x20001290                _ZL10errorGyroI.lto_priv.221
                0x200012a2                axisPID
                0x200012a8                _ZL11errorAngleI.lto_priv.222
                0x200012b0                dynP8
                0x200012c8                _ZL10DTermState.lto_priv.224
                0x200012d4                dynD8
                0x200012e8                _ZL11errorGyroIf.lto_priv.225
                0x200012f4                _ZL12errorAngleIf.lto_priv.226
 .bss           0x20001314      0x158 C:\Users\MAHAKH~1\AppData\Local\Temp\ccAl5Nhc.ltrans10.ltrans.o
                0x20001314                ppmDev
                0x2000135c                _ZL8captures.lto_priv.195
                0x20001374                _ZL13ppmFrameCount.lto_priv.262
                0x20001378                _ZL6motors.lto_priv.214
 .bss           0x2000146c      0x110 C:\Users\MAHAKH~1\AppData\Local\Temp\ccAl5Nhc.ltrans11.ltrans.o
                0x20001470                new_position
                0x20001494                accSum
                0x200014a0                accSumXYZ
                0x200014ac                accSumCountXYZ
                0x200014b0                accTimeSum
                0x200014fc                accVelScale
                0x20001500                k3
                0x20001504                k2
                0x20001508                k1
                0x20001528                flipState
                0x2000152c                flipStartTime
                0x20001530                rcModeActivationMask
                0x20001534                VelocityZ
                0x20001538                flipDirection
                0x2000153c                stateon
                0x20001540                inclination
                0x2000154c                _ZL13boardRotation.lto_priv.326
                0x20001570                posZ
                0x20001572                posY
                0x20001574                posX
                0x20001578                accSumCount
 .bss           0x2000157c      0x4a8 C:\Users\MAHAKH~1\AppData\Local\Temp\ccAl5Nhc.ltrans12.ltrans.o
 .bss           0x20001a24       0x21 C:\Users\MAHAKH~1\AppData\Local\Temp\ccAl5Nhc.ltrans13.ltrans.o
                0x20001a24                i2c1ErrorCount.lto_priv.206
                0x20001a26                i2c2ErrorCount.lto_priv.207
                0x20001a28                mpuConfiguration
                0x20001a38                _ZL16mpuIntExtiConfig.lto_priv.322
                0x20001a40                I2Cx.lto_priv.205
                0x20001a44                checksum
 *fill*         0x20001a45        0x3 
 .bss           0x20001a48      0x230 C:\Users\MAHAKH~1\AppData\Local\Temp\ccAl5Nhc.ltrans14.ltrans.o
                0x20001a48                _ZL8ms5611_c.lto_priv.316
                0x20001a58                currentControlRateProfile
                0x20001a5c                lookupYawRC
                0x20001a6c                currentProfile
                0x20001a70                _ZL30currentControlRateProfileIndex.lto_priv.232
                0x20001a74                _ZL8rxConfig.lto_priv.189
                0x20001a78                adjustmentStates
                0x20001aa8                _ZL10gyroConfig.lto_priv.254
                0x20001aac                _ZL14failsafeConfig.lto_priv.234
                0x20001ab0                _ZL13failsafeState.lto_priv.197
                0x20001ad4                crashTimer
                0x20001ae0                _ZL17accelerationTrims.lto_priv.193
                0x20001ae4                _ZL14flight3DConfig.lto_priv.241
                0x20001ae8                _ZL17escAndServoConfig.lto_priv.187
                0x20001aec                _ZL11mixerConfig.lto_priv.240
                0x20001af0                _ZL8rxConfig.lto_priv.188
                0x20001b04                _ZL16imuRuntimeConfig.lto_priv.216
                0x20001b08                _ZL11accDeadband.lto_priv.217
                0x20001b0c                throttleAngleScale
                0x20001b10                _ZL10pidProfile.lto_priv.180
                0x20001b14                _ZL16rcControlsConfig.lto_priv.184
                0x20001b18                _ZL17escAndServoConfig.lto_priv.186
                0x20001b1c                _ZL8_updated.lto_priv.255
                0x20001b20                temperatureSum
                0x20001b24                temperatureCount
                0x20001b28                _ZL11pressureSum.lto_priv.256
                0x20001b2c                _ZL13pressureCount.lto_priv.257
                0x20001b30                baroTemperature
                0x20001b34                baroPressure
                0x20001b38                baro
                0x20001b50                sysTickUptime.lto_priv.192
                0x20001b54                _ZL12_last_update.lto_priv.228
                0x20001b60                timerConfig
 .bss           0x20001c78      0x28d C:\Users\MAHAKH~1\AppData\Local\Temp\ccAl5Nhc.ltrans15.ltrans.o
                0x20001cb1                _ZL16xBusChannelCount.lto_priv.304
                0x20001cb2                _ZL17xBusFrameReceived.lto_priv.264
                0x20001cb4                spekChannelData.lto_priv.281
                0x20001ce4                sumhChannels.lto_priv.267
                0x20001d04                sumdChannels.lto_priv.272
                0x20001d24                sbusChannelData.lto_priv.275
                0x20001d6c                mspFrame.lto_priv.198
                0x20001d94                _ZL17xBusFramePosition.lto_priv.302
                0x20001d95                _ZL16xBusDataIncoming.lto_priv.301
                0x20001d96                _ZL15xBusFrameLength.lto_priv.303
                0x20001d97                _ZL12xBusProvider.lto_priv.305
                0x20001d9d                spekFrame.lto_priv.277
                0x20001dad                rcFrameComplete.lto_priv.276
                0x20001db5                sumhFrame.lto_priv.266
                0x20001dca                sumhFrameDone.lto_priv.265
                0x20001dd1                sumdFrameDone.lto_priv.268
                0x20001dd2                crc.lto_priv.269
                0x20001dd4                sumdChannelCount.lto_priv.270
                0x20001dd5                sumd.lto_priv.271
                0x20001e01                sbusFrame.lto_priv.274
                0x20001e1a                sbusFrameDone.lto_priv.273
                0x20001e1c                batteryConfig
                0x20001e20                adcConfig
                0x20001e30                adcValues
                0x20001e38                vbatLatestADC
                0x20001ec8                vbat
                0x20001eca                InflightcalibratingA
                0x20001ee4                accADC
                0x20001eea                AccInflightCalibrationActive
                0x20001eeb                AccInflightCalibrationMeasurementDone
                0x20001eec                AccInflightCalibrationSavetoEEProm
                0x20001eee                calibratingA
                0x20001efc                accZoffsetCalCycle
                0x20001f00                _ZL20suspendRxSignalUntil.lto_priv.236
                0x20001f04                _ZL13skipRxSamples.lto_priv.235
 *fill*         0x20001f05        0x1 
 .bss           0x20001f06        0x4 C:\Users\MAHAKH~1\AppData\Local\Temp\ccAl5Nhc.ltrans17.ltrans.o
                0x20001f06                flightIndicatorFlag
                0x20001f08                flightModeFlags
 *fill*         0x20001f0a        0x2 
 .bss           0x20001f0c       0x11 C:\Users\MAHAKH~1\AppData\Local\Temp\ccAl5Nhc.ltrans18.ltrans.o
                0x20001f0c                _ZL11currentPort.lto_priv.208
                0x20001f10                armingFlags
                0x20001f12                magHold
                0x20001f14                rxMspFrameDone.lto_priv.263
                0x20001f15                isLanding
                0x20001f16                current_command
                0x20001f18                _ZL12serialConfig.lto_priv.213
                0x20001f1c                _ZL17isRebootScheduled.lto_priv.246
 .bss           0x20001f1d        0x3 C:\Users\MAHAKH~1\AppData\Local\Temp\ccAl5Nhc.ltrans20.ltrans.o
                0x20001f1d                isCalibrated
                0x20001f1e                _ZL12isBatteryLow.lto_priv.244
                0x20001f1f                isTakeOffHeightSet
 *(SORT(.bss*))
 *(COMMON)
 COMMON         0x20001f20        0x4 c:/users/maha khan/onedrive/desktop/cygnus ide/cygnus/tools/toolchain/gcc-arm/bin/../lib/gcc/arm-none-eabi/6.3.1/../../../../arm-none-eabi/lib/thumb/v7e-m/fpv4-sp/hard\libg.a(lib_a-reent.o)
                0x20001f20                errno
                0x20001f24                . = ALIGN (0x4)
                0x20001f24                _ebss = .
                0x20001f24                __bss_end__ = _ebss

._user_heap_stack
                0x20001f24      0x400 load address 0x080122e0
                0x20001f24                . = ALIGN (0x4)
                0x20001f24                PROVIDE (end, .)
                [!provide]                PROVIDE (_end, .)
                0x20001f24                . = (. + _Min_Heap_Size)
                0x20002324                . = (. + _Min_Stack_Size)
 *fill*         0x20001f24      0x400 
                0x20002324                . = ALIGN (0x4)

.memory_b1_text
 *(.mb1text)
 *(.mb1text*)
 *(.mb1rodata)
 *(.mb1rodata*)

/DISCARD/
 libc.a(*)
 libm.a(*)
 libgcc.a(*)

.ARM.attributes
                0x00000000       0x37
 *(.ARM.attributes)
 .ARM.attributes
                0x00000000       0x37 C:\Users\MAHAKH~1\AppData\Local\Temp\ccAl5Nhc.ltrans0.ltrans.o
 .ARM.attributes
                0x00000037       0x37 C:\Users\MAHAKH~1\AppData\Local\Temp\ccAl5Nhc.ltrans1.ltrans.o
 .ARM.attributes
                0x0000006e       0x37 C:\Users\MAHAKH~1\AppData\Local\Temp\ccAl5Nhc.ltrans3.ltrans.o
 .ARM.attributes
                0x000000a5       0x37 C:\Users\MAHAKH~1\AppData\Local\Temp\ccAl5Nhc.ltrans4.ltrans.o
 .ARM.attributes
                0x000000dc       0x37 C:\Users\MAHAKH~1\AppData\Local\Temp\ccAl5Nhc.ltrans5.ltrans.o
 .ARM.attributes
                0x00000113       0x37 C:\Users\MAHAKH~1\AppData\Local\Temp\ccAl5Nhc.ltrans7.ltrans.o
 .ARM.attributes
                0x0000014a       0x37 C:\Users\MAHAKH~1\AppData\Local\Temp\ccAl5Nhc.ltrans8.ltrans.o
 .ARM.attributes
                0x00000181       0x37 C:\Users\MAHAKH~1\AppData\Local\Temp\ccAl5Nhc.ltrans9.ltrans.o
 .ARM.attributes
                0x000001b8       0x37 C:\Users\MAHAKH~1\AppData\Local\Temp\ccAl5Nhc.ltrans10.ltrans.o
 .ARM.attributes
                0x000001ef       0x37 C:\Users\MAHAKH~1\AppData\Local\Temp\ccAl5Nhc.ltrans11.ltrans.o
 .ARM.attributes
                0x00000226       0x37 C:\Users\MAHAKH~1\AppData\Local\Temp\ccAl5Nhc.ltrans12.ltrans.o
 .ARM.attributes
                0x0000025d       0x37 C:\Users\MAHAKH~1\AppData\Local\Temp\ccAl5Nhc.ltrans13.ltrans.o
 .ARM.attributes
                0x00000294       0x37 C:\Users\MAHAKH~1\AppData\Local\Temp\ccAl5Nhc.ltrans14.ltrans.o
 .ARM.attributes
                0x000002cb       0x37 C:\Users\MAHAKH~1\AppData\Local\Temp\ccAl5Nhc.ltrans15.ltrans.o
 .ARM.attributes
                0x00000302       0x37 C:\Users\MAHAKH~1\AppData\Local\Temp\ccAl5Nhc.ltrans16.ltrans.o
 .ARM.attributes
                0x00000339       0x37 C:\Users\MAHAKH~1\AppData\Local\Temp\ccAl5Nhc.ltrans17.ltrans.o
 .ARM.attributes
                0x00000370       0x37 C:\Users\MAHAKH~1\AppData\Local\Temp\ccAl5Nhc.ltrans18.ltrans.o
 .ARM.attributes
                0x000003a7       0x37 C:\Users\MAHAKH~1\AppData\Local\Temp\ccAl5Nhc.ltrans19.ltrans.o
 .ARM.attributes
                0x000003de       0x37 C:\Users\MAHAKH~1\AppData\Local\Temp\ccAl5Nhc.ltrans20.ltrans.o
 .ARM.attributes
                0x00000415       0x37 C:\Users\MAHAKH~1\AppData\Local\Temp\ccAl5Nhc.ltrans21.ltrans.o
 .ARM.attributes
                0x0000044c       0x21 ./libs\libpluto_0.3.a(startup_stm32f30x_md_gcc.o)
 .ARM.attributes
                0x0000046d       0x34 c:/users/maha khan/onedrive/desktop/cygnus ide/cygnus/tools/toolchain/gcc-arm/bin/../lib/gcc/arm-none-eabi/6.3.1/../../../../arm-none-eabi/lib/thumb/v7e-m/fpv4-sp/hard\libm.a(lib_a-sf_cos.o)
 .ARM.attributes
                0x000004a1       0x34 c:/users/maha khan/onedrive/desktop/cygnus ide/cygnus/tools/toolchain/gcc-arm/bin/../lib/gcc/arm-none-eabi/6.3.1/../../../../arm-none-eabi/lib/thumb/v7e-m/fpv4-sp/hard\libm.a(lib_a-sf_lrint.o)
 .ARM.attributes
                0x000004d5       0x34 c:/users/maha khan/onedrive/desktop/cygnus ide/cygnus/tools/toolchain/gcc-arm/bin/../lib/gcc/arm-none-eabi/6.3.1/../../../../arm-none-eabi/lib/thumb/v7e-m/fpv4-sp/hard\libm.a(lib_a-sf_sin.o)
 .ARM.attributes
                0x00000509       0x34 c:/users/maha khan/onedrive/desktop/cygnus ide/cygnus/tools/toolchain/gcc-arm/bin/../lib/gcc/arm-none-eabi/6.3.1/../../../../arm-none-eabi/lib/thumb/v7e-m/fpv4-sp/hard\libm.a(lib_a-wf_acos.o)
 .ARM.attributes
                0x0000053d       0x34 c:/users/maha khan/onedrive/desktop/cygnus ide/cygnus/tools/toolchain/gcc-arm/bin/../lib/gcc/arm-none-eabi/6.3.1/../../../../arm-none-eabi/lib/thumb/v7e-m/fpv4-sp/hard\libm.a(lib_a-wf_asin.o)
 .ARM.attributes
                0x00000571       0x34 c:/users/maha khan/onedrive/desktop/cygnus ide/cygnus/tools/toolchain/gcc-arm/bin/../lib/gcc/arm-none-eabi/6.3.1/../../../../arm-none-eabi/lib/thumb/v7e-m/fpv4-sp/hard\libm.a(lib_a-wf_atan2.o)
 .ARM.attributes
                0x000005a5       0x34 c:/users/maha khan/onedrive/desktop/cygnus ide/cygnus/tools/toolchain/gcc-arm/bin/../lib/gcc/arm-none-eabi/6.3.1/../../../../arm-none-eabi/lib/thumb/v7e-m/fpv4-sp/hard\libm.a(lib_a-wf_log.o)
 .ARM.attributes
                0x000005d9       0x34 c:/users/maha khan/onedrive/desktop/cygnus ide/cygnus/tools/toolchain/gcc-arm/bin/../lib/gcc/arm-none-eabi/6.3.1/../../../../arm-none-eabi/lib/thumb/v7e-m/fpv4-sp/hard\libm.a(lib_a-wf_sqrt.o)
 .ARM.attributes
                0x0000060d       0x34 c:/users/maha khan/onedrive/desktop/cygnus ide/cygnus/tools/toolchain/gcc-arm/bin/../lib/gcc/arm-none-eabi/6.3.1/../../../../arm-none-eabi/lib/thumb/v7e-m/fpv4-sp/hard\libm.a(lib_a-ef_acos.o)
 .ARM.attributes
                0x00000641       0x34 c:/users/maha khan/onedrive/desktop/cygnus ide/cygnus/tools/toolchain/gcc-arm/bin/../lib/gcc/arm-none-eabi/6.3.1/../../../../arm-none-eabi/lib/thumb/v7e-m/fpv4-sp/hard\libm.a(lib_a-ef_asin.o)
 .ARM.attributes
                0x00000675       0x34 c:/users/maha khan/onedrive/desktop/cygnus ide/cygnus/tools/toolchain/gcc-arm/bin/../lib/gcc/arm-none-eabi/6.3.1/../../../../arm-none-eabi/lib/thumb/v7e-m/fpv4-sp/hard\libm.a(lib_a-ef_atan2.o)
 .ARM.attributes
                0x000006a9       0x34 c:/users/maha khan/onedrive/desktop/cygnus ide/cygnus/tools/toolchain/gcc-arm/bin/../lib/gcc/arm-none-eabi/6.3.1/../../../../arm-none-eabi/lib/thumb/v7e-m/fpv4-sp/hard\libm.a(lib_a-ef_log.o)
 .ARM.attributes
                0x000006dd       0x34 c:/users/maha khan/onedrive/desktop/cygnus ide/cygnus/tools/toolchain/gcc-arm/bin/../lib/gcc/arm-none-eabi/6.3.1/../../../../arm-none-eabi/lib/thumb/v7e-m/fpv4-sp/hard\libm.a(lib_a-ef_rem_pio2.o)
 .ARM.attributes
                0x00000711       0x34 c:/users/maha khan/onedrive/desktop/cygnus ide/cygnus/tools/toolchain/gcc-arm/bin/../lib/gcc/arm-none-eabi/6.3.1/../../../../arm-none-eabi/lib/thumb/v7e-m/fpv4-sp/hard\libm.a(lib_a-ef_sqrt.o)
 .ARM.attributes
                0x00000745       0x34 c:/users/maha khan/onedrive/desktop/cygnus ide/cygnus/tools/toolchain/gcc-arm/bin/../lib/gcc/arm-none-eabi/6.3.1/../../../../arm-none-eabi/lib/thumb/v7e-m/fpv4-sp/hard\libm.a(lib_a-kf_cos.o)
 .ARM.attributes
                0x00000779       0x34 c:/users/maha khan/onedrive/desktop/cygnus ide/cygnus/tools/toolchain/gcc-arm/bin/../lib/gcc/arm-none-eabi/6.3.1/../../../../arm-none-eabi/lib/thumb/v7e-m/fpv4-sp/hard\libm.a(lib_a-kf_rem_pio2.o)
 .ARM.attributes
                0x000007ad       0x34 c:/users/maha khan/onedrive/desktop/cygnus ide/cygnus/tools/toolchain/gcc-arm/bin/../lib/gcc/arm-none-eabi/6.3.1/../../../../arm-none-eabi/lib/thumb/v7e-m/fpv4-sp/hard\libm.a(lib_a-kf_sin.o)
 .ARM.attributes
                0x000007e1       0x34 c:/users/maha khan/onedrive/desktop/cygnus ide/cygnus/tools/toolchain/gcc-arm/bin/../lib/gcc/arm-none-eabi/6.3.1/../../../../arm-none-eabi/lib/thumb/v7e-m/fpv4-sp/hard\libm.a(lib_a-s_lib_ver.o)
 .ARM.attributes
                0x00000815       0x34 c:/users/maha khan/onedrive/desktop/cygnus ide/cygnus/tools/toolchain/gcc-arm/bin/../lib/gcc/arm-none-eabi/6.3.1/../../../../arm-none-eabi/lib/thumb/v7e-m/fpv4-sp/hard\libm.a(lib_a-s_matherr.o)
 .ARM.attributes
                0x00000849       0x34 c:/users/maha khan/onedrive/desktop/cygnus ide/cygnus/tools/toolchain/gcc-arm/bin/../lib/gcc/arm-none-eabi/6.3.1/../../../../arm-none-eabi/lib/thumb/v7e-m/fpv4-sp/hard\libm.a(lib_a-s_nan.o)
 .ARM.attributes
                0x0000087d       0x34 c:/users/maha khan/onedrive/desktop/cygnus ide/cygnus/tools/toolchain/gcc-arm/bin/../lib/gcc/arm-none-eabi/6.3.1/../../../../arm-none-eabi/lib/thumb/v7e-m/fpv4-sp/hard\libm.a(lib_a-sf_atan.o)
 .ARM.attributes
                0x000008b1       0x34 c:/users/maha khan/onedrive/desktop/cygnus ide/cygnus/tools/toolchain/gcc-arm/bin/../lib/gcc/arm-none-eabi/6.3.1/../../../../arm-none-eabi/lib/thumb/v7e-m/fpv4-sp/hard\libm.a(lib_a-sf_fabs.o)
 .ARM.attributes
                0x000008e5       0x34 c:/users/maha khan/onedrive/desktop/cygnus ide/cygnus/tools/toolchain/gcc-arm/bin/../lib/gcc/arm-none-eabi/6.3.1/../../../../arm-none-eabi/lib/thumb/v7e-m/fpv4-sp/hard\libm.a(lib_a-sf_floor.o)
 .ARM.attributes
                0x00000919       0x34 c:/users/maha khan/onedrive/desktop/cygnus ide/cygnus/tools/toolchain/gcc-arm/bin/../lib/gcc/arm-none-eabi/6.3.1/../../../../arm-none-eabi/lib/thumb/v7e-m/fpv4-sp/hard\libm.a(lib_a-sf_scalbn.o)
 .ARM.attributes
                0x0000094d       0x34 c:/users/maha khan/onedrive/desktop/cygnus ide/cygnus/tools/toolchain/gcc-arm/bin/../lib/gcc/arm-none-eabi/6.3.1/../../../../arm-none-eabi/lib/thumb/v7e-m/fpv4-sp/hard\libm.a(lib_a-sf_copysign.o)
 .ARM.attributes
                0x00000981       0x34 c:/users/maha khan/onedrive/desktop/cygnus ide/cygnus/tools/toolchain/gcc-arm/bin/../lib/gcc/arm-none-eabi/6.3.1/../../../../arm-none-eabi/lib/thumb/v7e-m/fpv4-sp/hard\libc.a(lib_a-errno.o)
 .ARM.attributes
                0x000009b5       0x34 c:/users/maha khan/onedrive/desktop/cygnus ide/cygnus/tools/toolchain/gcc-arm/bin/../lib/gcc/arm-none-eabi/6.3.1/../../../../arm-none-eabi/lib/thumb/v7e-m/fpv4-sp/hard\libc.a(lib_a-impure.o)
 .ARM.attributes
                0x000009e9       0x20 c:/users/maha khan/onedrive/desktop/cygnus ide/cygnus/tools/toolchain/gcc-arm/bin/../lib/gcc/arm-none-eabi/6.3.1/../../../../arm-none-eabi/lib/thumb/v7e-m/fpv4-sp/hard\libc.a(lib_a-memcpy.o)
 .ARM.attributes
                0x00000a09       0x34 c:/users/maha khan/onedrive/desktop/cygnus ide/cygnus/tools/toolchain/gcc-arm/bin/../lib/gcc/arm-none-eabi/6.3.1/../../../../arm-none-eabi/lib/thumb/v7e-m/fpv4-sp/hard\libc.a(lib_a-memset.o)
 .ARM.attributes
                0x00000a3d       0x34 c:/users/maha khan/onedrive/desktop/cygnus ide/cygnus/tools/toolchain/gcc-arm/bin/../lib/gcc/arm-none-eabi/6.3.1/../../../../arm-none-eabi/lib/thumb/v7e-m/fpv4-sp/hard\libc.a(lib_a-strchr.o)
 .ARM.attributes
                0x00000a71       0x20 c:/users/maha khan/onedrive/desktop/cygnus ide/cygnus/tools/toolchain/gcc-arm/bin/../lib/gcc/arm-none-eabi/6.3.1/../../../../arm-none-eabi/lib/thumb/v7e-m/fpv4-sp/hard\libc.a(lib_a-strlen.o)
 .ARM.attributes
                0x00000a91       0x22 c:/users/maha khan/onedrive/desktop/cygnus ide/cygnus/tools/toolchain/gcc-arm/bin/../lib/gcc/arm-none-eabi/6.3.1/thumb/v7e-m/fpv4-sp/hard\libgcc.a(_ashrdi3.o)
 .ARM.attributes
                0x00000ab3       0x22 c:/users/maha khan/onedrive/desktop/cygnus ide/cygnus/tools/toolchain/gcc-arm/bin/../lib/gcc/arm-none-eabi/6.3.1/thumb/v7e-m/fpv4-sp/hard\libgcc.a(_arm_addsubdf3.o)
 .ARM.attributes
                0x00000ad5       0x22 c:/users/maha khan/onedrive/desktop/cygnus ide/cygnus/tools/toolchain/gcc-arm/bin/../lib/gcc/arm-none-eabi/6.3.1/thumb/v7e-m/fpv4-sp/hard\libgcc.a(_arm_muldivdf3.o)
 .ARM.attributes
                0x00000af7       0x22 c:/users/maha khan/onedrive/desktop/cygnus ide/cygnus/tools/toolchain/gcc-arm/bin/../lib/gcc/arm-none-eabi/6.3.1/thumb/v7e-m/fpv4-sp/hard\libgcc.a(_arm_truncdfsf2.o)
 .ARM.attributes
                0x00000b19       0x22 c:/users/maha khan/onedrive/desktop/cygnus ide/cygnus/tools/toolchain/gcc-arm/bin/../lib/gcc/arm-none-eabi/6.3.1/thumb/v7e-m/fpv4-sp/hard\libgcc.a(_aeabi_ldivmod.o)
 .ARM.attributes
                0x00000b3b       0x34 c:/users/maha khan/onedrive/desktop/cygnus ide/cygnus/tools/toolchain/gcc-arm/bin/../lib/gcc/arm-none-eabi/6.3.1/thumb/v7e-m/fpv4-sp/hard\libgcc.a(_fixsfdi.o)
 .ARM.attributes
                0x00000b6f       0x34 c:/users/maha khan/onedrive/desktop/cygnus ide/cygnus/tools/toolchain/gcc-arm/bin/../lib/gcc/arm-none-eabi/6.3.1/thumb/v7e-m/fpv4-sp/hard\libgcc.a(_fixunssfdi.o)
 .ARM.attributes
                0x00000ba3       0x34 c:/users/maha khan/onedrive/desktop/cygnus ide/cygnus/tools/toolchain/gcc-arm/bin/../lib/gcc/arm-none-eabi/6.3.1/thumb/v7e-m/fpv4-sp/hard\libgcc.a(_udivmoddi4.o)
 .ARM.attributes
                0x00000bd7       0x22 c:/users/maha khan/onedrive/desktop/cygnus ide/cygnus/tools/toolchain/gcc-arm/bin/../lib/gcc/arm-none-eabi/6.3.1/thumb/v7e-m/fpv4-sp/hard\libgcc.a(_dvmd_tls.o)
 .ARM.attributes
                0x00000bf9       0x22 c:/users/maha khan/onedrive/desktop/cygnus ide/cygnus/tools/toolchain/gcc-arm/bin/../lib/gcc/arm-none-eabi/6.3.1/thumb/v7e-m/fpv4-sp/hard\libgcc.a(_arm_fixunsdfsi.o)
OUTPUT(obj/Experience_PLUTOX.elf elf32-littlearm)

.debug_info     0x00000000    0x2809b
 .debug_info    0x00000000     0x4ab2 C:\Users\MAHAKH~1\AppData\Local\Temp\ccAl5Nhc.ltrans0.ltrans.o
 .debug_info    0x00004ab2     0x7176 C:\Users\MAHAKH~1\AppData\Local\Temp\ccAl5Nhc.ltrans1.ltrans.o
 .debug_info    0x0000bc28     0x1eb5 C:\Users\MAHAKH~1\AppData\Local\Temp\ccAl5Nhc.ltrans3.ltrans.o
 .debug_info    0x0000dadd     0x141b C:\Users\MAHAKH~1\AppData\Local\Temp\ccAl5Nhc.ltrans4.ltrans.o
 .debug_info    0x0000eef8     0x4168 C:\Users\MAHAKH~1\AppData\Local\Temp\ccAl5Nhc.ltrans5.ltrans.o
 .debug_info    0x00013060     0x20cd C:\Users\MAHAKH~1\AppData\Local\Temp\ccAl5Nhc.ltrans7.ltrans.o
 .debug_info    0x0001512d     0x1499 C:\Users\MAHAKH~1\AppData\Local\Temp\ccAl5Nhc.ltrans8.ltrans.o
 .debug_info    0x000165c6     0x1445 C:\Users\MAHAKH~1\AppData\Local\Temp\ccAl5Nhc.ltrans9.ltrans.o
 .debug_info    0x00017a0b     0x27c4 C:\Users\MAHAKH~1\AppData\Local\Temp\ccAl5Nhc.ltrans10.ltrans.o
 .debug_info    0x0001a1cf      0xbba C:\Users\MAHAKH~1\AppData\Local\Temp\ccAl5Nhc.ltrans11.ltrans.o
 .debug_info    0x0001ad89     0x206e C:\Users\MAHAKH~1\AppData\Local\Temp\ccAl5Nhc.ltrans12.ltrans.o
 .debug_info    0x0001cdf7     0x1c80 C:\Users\MAHAKH~1\AppData\Local\Temp\ccAl5Nhc.ltrans13.ltrans.o
 .debug_info    0x0001ea77     0x293d C:\Users\MAHAKH~1\AppData\Local\Temp\ccAl5Nhc.ltrans14.ltrans.o
 .debug_info    0x000213b4     0x15ce C:\Users\MAHAKH~1\AppData\Local\Temp\ccAl5Nhc.ltrans15.ltrans.o
 .debug_info    0x00022982     0x189c C:\Users\MAHAKH~1\AppData\Local\Temp\ccAl5Nhc.ltrans16.ltrans.o
 .debug_info    0x0002421e     0x137c C:\Users\MAHAKH~1\AppData\Local\Temp\ccAl5Nhc.ltrans17.ltrans.o
 .debug_info    0x0002559a      0xec2 C:\Users\MAHAKH~1\AppData\Local\Temp\ccAl5Nhc.ltrans18.ltrans.o
 .debug_info    0x0002645c     0x18fe C:\Users\MAHAKH~1\AppData\Local\Temp\ccAl5Nhc.ltrans19.ltrans.o
 .debug_info    0x00027d5a      0x2aa C:\Users\MAHAKH~1\AppData\Local\Temp\ccAl5Nhc.ltrans20.ltrans.o
 .debug_info    0x00028004       0x97 C:\Users\MAHAKH~1\AppData\Local\Temp\ccAl5Nhc.ltrans21.ltrans.o

.debug_abbrev   0x00000000     0x4e22
 .debug_abbrev  0x00000000      0x5e6 C:\Users\MAHAKH~1\AppData\Local\Temp\ccAl5Nhc.ltrans0.ltrans.o
 .debug_abbrev  0x000005e6      0x4f4 C:\Users\MAHAKH~1\AppData\Local\Temp\ccAl5Nhc.ltrans1.ltrans.o
 .debug_abbrev  0x00000ada      0x34e C:\Users\MAHAKH~1\AppData\Local\Temp\ccAl5Nhc.ltrans3.ltrans.o
 .debug_abbrev  0x00000e28      0x388 C:\Users\MAHAKH~1\AppData\Local\Temp\ccAl5Nhc.ltrans4.ltrans.o
 .debug_abbrev  0x000011b0      0x555 C:\Users\MAHAKH~1\AppData\Local\Temp\ccAl5Nhc.ltrans5.ltrans.o
 .debug_abbrev  0x00001705      0x5d9 C:\Users\MAHAKH~1\AppData\Local\Temp\ccAl5Nhc.ltrans7.ltrans.o
 .debug_abbrev  0x00001cde      0x3f8 C:\Users\MAHAKH~1\AppData\Local\Temp\ccAl5Nhc.ltrans8.ltrans.o
 .debug_abbrev  0x000020d6      0x351 C:\Users\MAHAKH~1\AppData\Local\Temp\ccAl5Nhc.ltrans9.ltrans.o
 .debug_abbrev  0x00002427      0x406 C:\Users\MAHAKH~1\AppData\Local\Temp\ccAl5Nhc.ltrans10.ltrans.o
 .debug_abbrev  0x0000282d      0x343 C:\Users\MAHAKH~1\AppData\Local\Temp\ccAl5Nhc.ltrans11.ltrans.o
 .debug_abbrev  0x00002b70      0x4b8 C:\Users\MAHAKH~1\AppData\Local\Temp\ccAl5Nhc.ltrans12.ltrans.o
 .debug_abbrev  0x00003028      0x3e7 C:\Users\MAHAKH~1\AppData\Local\Temp\ccAl5Nhc.ltrans13.ltrans.o
 .debug_abbrev  0x0000340f      0x558 C:\Users\MAHAKH~1\AppData\Local\Temp\ccAl5Nhc.ltrans14.ltrans.o
 .debug_abbrev  0x00003967      0x4aa C:\Users\MAHAKH~1\AppData\Local\Temp\ccAl5Nhc.ltrans15.ltrans.o
 .debug_abbrev  0x00003e11      0x35f C:\Users\MAHAKH~1\AppData\Local\Temp\ccAl5Nhc.ltrans16.ltrans.o
 .debug_abbrev  0x00004170      0x47b C:\Users\MAHAKH~1\AppData\Local\Temp\ccAl5Nhc.ltrans17.ltrans.o
 .debug_abbrev  0x000045eb      0x2f8 C:\Users\MAHAKH~1\AppData\Local\Temp\ccAl5Nhc.ltrans18.ltrans.o
 .debug_abbrev  0x000048e3      0x370 C:\Users\MAHAKH~1\AppData\Local\Temp\ccAl5Nhc.ltrans19.ltrans.o
 .debug_abbrev  0x00004c53      0x15c C:\Users\MAHAKH~1\AppData\Local\Temp\ccAl5Nhc.ltrans20.ltrans.o
 .debug_abbrev  0x00004daf       0x73 C:\Users\MAHAKH~1\AppData\Local\Temp\ccAl5Nhc.ltrans21.ltrans.o

.debug_loc      0x00000000    0x11cf7
 .debug_loc     0x00000000     0x2513 C:\Users\MAHAKH~1\AppData\Local\Temp\ccAl5Nhc.ltrans0.ltrans.o
 .debug_loc     0x00002513     0x237d C:\Users\MAHAKH~1\AppData\Local\Temp\ccAl5Nhc.ltrans1.ltrans.o
 .debug_loc     0x00004890     0x11c2 C:\Users\MAHAKH~1\AppData\Local\Temp\ccAl5Nhc.ltrans3.ltrans.o
 .debug_loc     0x00005a52      0xcb1 C:\Users\MAHAKH~1\AppData\Local\Temp\ccAl5Nhc.ltrans4.ltrans.o
 .debug_loc     0x00006703     0x1444 C:\Users\MAHAKH~1\AppData\Local\Temp\ccAl5Nhc.ltrans5.ltrans.o
 .debug_loc     0x00007b47      0xea7 C:\Users\MAHAKH~1\AppData\Local\Temp\ccAl5Nhc.ltrans7.ltrans.o
 .debug_loc     0x000089ee      0xfc9 C:\Users\MAHAKH~1\AppData\Local\Temp\ccAl5Nhc.ltrans8.ltrans.o
 .debug_loc     0x000099b7     0x1414 C:\Users\MAHAKH~1\AppData\Local\Temp\ccAl5Nhc.ltrans9.ltrans.o
 .debug_loc     0x0000adcb     0x1281 C:\Users\MAHAKH~1\AppData\Local\Temp\ccAl5Nhc.ltrans10.ltrans.o
 .debug_loc     0x0000c04c      0x54c C:\Users\MAHAKH~1\AppData\Local\Temp\ccAl5Nhc.ltrans11.ltrans.o
 .debug_loc     0x0000c598      0xfc4 C:\Users\MAHAKH~1\AppData\Local\Temp\ccAl5Nhc.ltrans12.ltrans.o
 .debug_loc     0x0000d55c      0xdd1 C:\Users\MAHAKH~1\AppData\Local\Temp\ccAl5Nhc.ltrans13.ltrans.o
 .debug_loc     0x0000e32d      0x68f C:\Users\MAHAKH~1\AppData\Local\Temp\ccAl5Nhc.ltrans14.ltrans.o
 .debug_loc     0x0000e9bc      0x9a1 C:\Users\MAHAKH~1\AppData\Local\Temp\ccAl5Nhc.ltrans15.ltrans.o
 .debug_loc     0x0000f35d     0x1283 C:\Users\MAHAKH~1\AppData\Local\Temp\ccAl5Nhc.ltrans16.ltrans.o
 .debug_loc     0x000105e0      0x974 C:\Users\MAHAKH~1\AppData\Local\Temp\ccAl5Nhc.ltrans17.ltrans.o
 .debug_loc     0x00010f54      0x374 C:\Users\MAHAKH~1\AppData\Local\Temp\ccAl5Nhc.ltrans18.ltrans.o
 .debug_loc     0x000112c8      0xa2f C:\Users\MAHAKH~1\AppData\Local\Temp\ccAl5Nhc.ltrans19.ltrans.o

.debug_aranges  0x00000000      0x290
 .debug_aranges
                0x00000000       0x20 C:\Users\MAHAKH~1\AppData\Local\Temp\ccAl5Nhc.ltrans0.ltrans.o
 .debug_aranges
                0x00000020       0x20 C:\Users\MAHAKH~1\AppData\Local\Temp\ccAl5Nhc.ltrans1.ltrans.o
 .debug_aranges
                0x00000040       0x20 C:\Users\MAHAKH~1\AppData\Local\Temp\ccAl5Nhc.ltrans3.ltrans.o
 .debug_aranges
                0x00000060       0x20 C:\Users\MAHAKH~1\AppData\Local\Temp\ccAl5Nhc.ltrans4.ltrans.o
 .debug_aranges
                0x00000080       0x28 C:\Users\MAHAKH~1\AppData\Local\Temp\ccAl5Nhc.ltrans5.ltrans.o
 .debug_aranges
                0x000000a8       0x28 C:\Users\MAHAKH~1\AppData\Local\Temp\ccAl5Nhc.ltrans7.ltrans.o
 .debug_aranges
                0x000000d0       0x20 C:\Users\MAHAKH~1\AppData\Local\Temp\ccAl5Nhc.ltrans8.ltrans.o
 .debug_aranges
                0x000000f0       0x20 C:\Users\MAHAKH~1\AppData\Local\Temp\ccAl5Nhc.ltrans9.ltrans.o
 .debug_aranges
                0x00000110       0x20 C:\Users\MAHAKH~1\AppData\Local\Temp\ccAl5Nhc.ltrans10.ltrans.o
 .debug_aranges
                0x00000130       0x20 C:\Users\MAHAKH~1\AppData\Local\Temp\ccAl5Nhc.ltrans11.ltrans.o
 .debug_aranges
                0x00000150       0x20 C:\Users\MAHAKH~1\AppData\Local\Temp\ccAl5Nhc.ltrans12.ltrans.o
 .debug_aranges
                0x00000170       0x20 C:\Users\MAHAKH~1\AppData\Local\Temp\ccAl5Nhc.ltrans13.ltrans.o
 .debug_aranges
                0x00000190       0x20 C:\Users\MAHAKH~1\AppData\Local\Temp\ccAl5Nhc.ltrans14.ltrans.o
 .debug_aranges
                0x000001b0       0x20 C:\Users\MAHAKH~1\AppData\Local\Temp\ccAl5Nhc.ltrans15.ltrans.o
 .debug_aranges
                0x000001d0       0x20 C:\Users\MAHAKH~1\AppData\Local\Temp\ccAl5Nhc.ltrans16.ltrans.o
 .debug_aranges
                0x000001f0       0x20 C:\Users\MAHAKH~1\AppData\Local\Temp\ccAl5Nhc.ltrans17.ltrans.o
 .debug_aranges
                0x00000210       0x20 C:\Users\MAHAKH~1\AppData\Local\Temp\ccAl5Nhc.ltrans18.ltrans.o
 .debug_aranges
                0x00000230       0x20 C:\Users\MAHAKH~1\AppData\Local\Temp\ccAl5Nhc.ltrans19.ltrans.o
 .debug_aranges
                0x00000250       0x20 C:\Users\MAHAKH~1\AppData\Local\Temp\ccAl5Nhc.ltrans20.ltrans.o
 .debug_aranges
                0x00000270       0x20 C:\Users\MAHAKH~1\AppData\Local\Temp\ccAl5Nhc.ltrans21.ltrans.o

.debug_ranges   0x00000000     0x3528
 .debug_ranges  0x00000000      0xb48 C:\Users\MAHAKH~1\AppData\Local\Temp\ccAl5Nhc.ltrans0.ltrans.o
 .debug_ranges  0x00000b48      0xbf0 C:\Users\MAHAKH~1\AppData\Local\Temp\ccAl5Nhc.ltrans1.ltrans.o
 .debug_ranges  0x00001738      0x740 C:\Users\MAHAKH~1\AppData\Local\Temp\ccAl5Nhc.ltrans3.ltrans.o
 .debug_ranges  0x00001e78      0x150 C:\Users\MAHAKH~1\AppData\Local\Temp\ccAl5Nhc.ltrans4.ltrans.o
 .debug_ranges  0x00001fc8      0x1e8 C:\Users\MAHAKH~1\AppData\Local\Temp\ccAl5Nhc.ltrans5.ltrans.o
 .debug_ranges  0x000021b0      0x378 C:\Users\MAHAKH~1\AppData\Local\Temp\ccAl5Nhc.ltrans7.ltrans.o
 .debug_ranges  0x00002528      0x1d0 C:\Users\MAHAKH~1\AppData\Local\Temp\ccAl5Nhc.ltrans8.ltrans.o
 .debug_ranges  0x000026f8      0x170 C:\Users\MAHAKH~1\AppData\Local\Temp\ccAl5Nhc.ltrans9.ltrans.o
 .debug_ranges  0x00002868      0x1c8 C:\Users\MAHAKH~1\AppData\Local\Temp\ccAl5Nhc.ltrans10.ltrans.o